Godot Engine v4.7.2.stable.official.ed1daf0bf - https://godotengine.org

Slime Train booted (Godot 4.7.2-stable (official)).
THRU fixture=s3-basket-59of60 seed=2 tick0=0 slimes=200 loop_len=38297
THRU_HDR win_end,x19,x22,stall,oob,stuck,hops,sim_train,all_train,bowl_n,back_mean,back_adv
THRU_WIN 600,0,0,0,0,0,119,29,140,138,16309,1
THRU_WIN 1200,3,0,0,0,0,135,34,145,135,16294,0
THRU_WIN 1800,5,2,0,0,0,134,34,148,130,16278,0
THRU_WIN 2400,6,5,0,0,0,119,30,149,127,16263,0
THRU_WIN 3000,6,5,0,0,0,93,19,151,124,16256,0
THRU_WIN 3600,5,7,0,0,0,50,12,153,121,16240,0
THRU_WIN 4200,5,4,64,0,0,62,14,155,5,17687,0
THRU_WIN 4800,12,7,0,0,0,11,4,162,0,0,394
THRU_WIN 5400,12,13,0,0,0,0,4,170,0,0,0
THRU_WIN 6000,12,11,0,0,0,0,4,179,0,0,0
THRU_WIN 6600,14,13,0,0,0,0,4,193,0,0,0
THRU_WIN 7200,9,13,0,0,0,0,4,200,0,0,0
THRU_WIN 7800,0,9,24,0,0,55,45,200,0,0,0
THRU_WIN 8400,0,0,1,0,5,155,60,198,0,0,0
THRU_WIN 9000,0,0,0,0,107,168,94,197,0,0,0
THRU_WIN 9600,0,0,0,0,107,168,121,196,0,0,0
THRU_WIN 10000,0,0,0,0,90,118,126,196,0,0,0
THRU_TOT tick=10000 x19=89 x22=89 stall=89 oob=0 stuck=309 hops=1387 first_stall=3600
THRU_HIST 0k:99(p1) 2k:21(p21) 4k:33(p33) 6k:14(p14) 36k:10(p1) 38k:19(p0)
STATE tick=10000 hash=c38750b4c378b6b9b8ef422e94db384b2bbd96c0e0fc1eb48feb16181f7c490a
