Godot Engine v4.7.2.stable.official.ed1daf0bf - https://godotengine.org

Slime Train booted (Godot 4.7.2-stable (official)).
BUCKET_CAP on density=4.0 length=300.0
THRU fixture=s3-basket-59of60 seed=2 tick0=0 slimes=200 loop_len=38297
THRU_HDR win_end,x19,x22,stall,oob,stuck,hops,sim_train,all_train,bowl_n,back_mean,back_adv,bucket_max,buckets_over
THRU_WIN 600,0,0,0,0,0,126,30,140,138,16309,1,23,6
THRU_WIN 1200,3,0,0,0,0,138,33,144,136,16301,0,23,6
THRU_WIN 1800,6,2,0,0,0,128,32,147,130,16278,0,23,6
THRU_WIN 2400,7,4,0,0,0,115,31,150,127,16263,0,23,6
THRU_WIN 3000,5,8,0,0,0,89,18,152,124,16256,0,23,5
THRU_WIN 3600,6,6,0,0,0,44,13,154,119,16232,0,23,5
THRU_WIN 4200,7,4,65,0,0,71,16,156,10,17554,0,92,1
THRU_WIN 4800,11,10,0,0,0,4,7,164,0,0,567,79,1
THRU_WIN 5400,11,11,0,0,0,0,7,168,0,0,0,65,1
THRU_WIN 6000,13,12,0,0,0,0,7,177,0,0,0,51,1
THRU_WIN 6600,13,12,0,0,0,0,7,190,0,0,0,38,1
THRU_WIN 7200,12,14,0,0,0,0,9,200,0,0,0,24,1
THRU_WIN 7800,0,11,19,0,0,82,50,198,0,0,0,21,1
THRU_WIN 8400,0,0,1,0,30,173,79,197,0,0,0,39,1
THRU_WIN 9000,0,0,0,0,100,188,100,195,0,0,0,47,2
THRU_WIN 9600,0,0,0,0,72,173,115,194,0,0,0,69,2
THRU_WIN 10000,0,0,0,0,60,105,122,195,0,0,0,79,2
THRU_TOT tick=10000 x19=94 x22=94 stall=85 oob=0 stuck=262 hops=1436 guard=0 first_stall=3600 bucket_holds=4
THRU_BUCKETS samples=166 buckets=128 density=4.000 max=103 buckets_over15=8 crossings=2
THRU_BUCKETS top bucket:highest/cap (buckets never loaded left out) 0:103/12 1:9/12 2:7/12 3:7/12 4:7/12 5:7/12 6:7/12 7:7/12 8:8/12 9:7/12 10:9/12 11:11/12 12:8/12 13:9/12 14:8/12 15:9/12 16:8/12 17:9/12 18:7/12 19:6/12 20:4/12 21:4/12 22:4/12 23:4/12 24:2/12 52:9/12 53:17/12 54:17/12 55:23/12 56:21/12 57:22/12 58:24/12 59:8/12 60:5/12 61:5/12 62:5/12 63:5/12 64:2/12 65:3/12 66:2/12 67:2/12 68:2/12 69:3/12 70:2/12 71:2/12 72:3/12 73:3/12 74:2/12 75:4/12 76:3/12 77:5/12 78:4/12 79:5/12 80:5/12 81:4/12 82:6/12 83:6/12 84:6/12 85:5/12 86:6/12 87:6/12 88:6/12 89:6/12 90:5/12 91:6/12 92:6/12 93:6/12 94:6/12 95:6/12 96:6/12 97:6/12 98:6/12 99:6/12 100:6/12 101:6/12 102:6/12 103:6/12 104:6/12 105:6/12 106:6/12 107:6/12 108:6/12 109:6/12 110:6/12 111:6/12 112:6/12 113:6/12 114:6/12 115:6/12 116:6/12 117:6/12 118:6/12 119:6/12 120:6/12 121:6/12 122:6/12 123:6/12 124:6/12 125:12/12 126:15/12 127:17/7
THRU_BUCKETS hist load:samples 0:14715 1:3344 2:689 3:330 4:332 5:299 6:816 7:131 8:31 9:78 10:10 11:2 12:4 13:13 14:5 15:6 16:3 17:122 18:3 19:5 20:4 21:73 22:68 23:68 24:8 25:1 26:1 27:1 28:1 29:1 30:1 31:1 32:1 34:1 35:2 36:1 38:1 39:2 40:1 41:5 42:4 43:1 45:1 46:2 47:2 48:1 49:1 50:1 51:2 53:1 54:1 55:1 56:1 57:3 58:1 60:1 61:3 62:1 64:2 65:1 66:2 68:1 69:2 70:2 72:1 73:1 74:2 76:2 77:3 78:1 79:1 80:1 81:1 83:1 84:1 85:1 87:1 88:1 89:1 91:1 92:1 93:1 95:1 96:1 98:1 99:1 100:1 101:1 102:1 103:1
THRU_BUCKETS over15 tick=3660 bucket=0 load=103 cap=12
THRU_BUCKETS over15 tick=9480 bucket=127 load=16 cap=7
THRU_HIST 0k:100(p2) 2k:20(p20) 4k:33(p33) 6k:14(p14) 34k:1(p1) 36k:10(p3) 38k:17(p0)
STATE tick=10000 hash=0ce161b91d2fb75753fdeb16b6c7f826b419cff7ed68326d05a5f7de65eba9cc
