Godot Engine v4.7.2.stable.official.ed1daf0bf - https://godotengine.org

Slime Train booted (Godot 4.7.2-stable (official)).
THRU fixture=s3-basket-59of60 seed=1 tick0=0 slimes=200 loop_len=38297
THRU_HDR win_end,x19,x22,stall,oob,stuck,hops,sim_train,all_train,bowl_n,back_mean,back_adv,bucket_max,buckets_over
THRU_WIN 600,0,0,0,0,0,134,30,140,138,16309,1,23,6
THRU_WIN 1200,3,0,0,0,0,132,32,142,134,16294,0,23,6
THRU_WIN 1800,5,1,0,0,0,126,32,144,131,16278,0,23,6
THRU_WIN 2400,6,5,0,0,0,118,30,147,126,16263,0,23,6
THRU_WIN 3000,3,7,0,0,0,91,18,149,123,16248,0,23,5
THRU_WIN 3600,6,4,0,0,0,57,15,152,119,16232,0,23,5
THRU_WIN 4200,6,4,64,0,1,69,16,154,6,17697,0,95,1
THRU_WIN 4800,13,9,0,0,0,15,6,162,0,0,420,82,1
THRU_WIN 5400,12,13,0,0,0,0,6,168,0,0,0,68,1
THRU_WIN 6000,12,12,0,0,0,0,6,177,0,0,0,54,1
THRU_WIN 6600,14,12,0,0,0,0,6,191,0,0,0,41,1
THRU_WIN 7200,6,13,0,0,0,0,6,195,0,0,0,27,1
THRU_WIN 7800,0,6,22,0,0,52,46,194,0,0,0,21,1
THRU_WIN 8400,0,0,1,0,1,159,64,194,0,0,0,23,2
THRU_WIN 9000,0,0,0,0,93,204,93,195,0,0,0,38,2
THRU_WIN 9600,0,0,0,0,107,190,123,195,0,0,0,60,2
THRU_WIN 10000,0,0,0,0,103,119,126,194,0,0,0,79,2
THRU_TOT tick=10000 x19=86 x22=86 stall=87 oob=0 stuck=305 hops=1466 guard=0 first_stall=3600 bucket_holds=0
THRU_BUCKETS samples=166 buckets=128 density=4.000 max=105 buckets_over15=9 crossings=3
THRU_BUCKETS top bucket:highest/cap (buckets never loaded left out) 0:105/12 1:10/12 2:7/12 3:7/12 4:7/12 5:7/12 6:7/12 7:7/12 8:7/12 9:7/12 10:11/12 11:10/12 12:8/12 13:8/12 14:8/12 15:8/12 16:8/12 17:8/12 18:7/12 19:5/12 20:4/12 21:4/12 22:3/12 23:3/12 24:1/12 52:9/12 53:17/12 54:17/12 55:23/12 56:21/12 57:22/12 58:24/12 59:8/12 60:5/12 61:5/12 62:7/12 63:5/12 64:3/12 65:3/12 66:3/12 67:3/12 68:3/12 69:3/12 70:3/12 71:4/12 72:4/12 73:4/12 74:4/12 75:4/12 76:4/12 77:6/12 78:5/12 79:6/12 80:5/12 81:5/12 82:6/12 83:6/12 84:6/12 85:6/12 86:6/12 87:6/12 88:6/12 89:6/12 90:6/12 91:6/12 92:6/12 93:6/12 94:6/12 95:6/12 96:6/12 97:6/12 98:6/12 99:6/12 100:6/12 101:6/12 102:6/12 103:6/12 104:6/12 105:6/12 106:6/12 107:6/12 108:6/12 109:6/12 110:6/12 111:6/12 112:6/12 113:6/12 114:6/12 115:7/12 116:7/12 117:6/12 118:7/12 119:7/12 120:7/12 121:6/12 122:7/12 123:5/12 124:7/12 125:13/12 126:17/12 127:16/7
THRU_BUCKETS hist load:samples 0:15210 1:2753 2:590 3:360 4:360 5:351 6:811 7:212 8:31 9:80 10:17 11:6 12:4 13:3 14:4 15:17 16:4 17:124 19:1 20:6 21:69 22:75 23:65 24:8 26:1 27:1 29:1 30:1 31:2 33:1 34:2 35:1 37:2 38:8 39:1 41:2 42:2 43:1 45:2 46:1 48:1 49:2 50:2 51:1 52:1 53:1 54:2 56:2 57:1 58:1 59:1 60:2 61:1 63:2 64:1 65:1 67:1 68:2 69:1 71:2 72:2 73:1 75:2 76:2 77:1 79:1 80:1 82:1 83:1 84:1 86:1 87:1 88:1 90:1 91:1 92:1 94:1 95:1 96:1 98:1 99:1 101:1 102:2 103:1 104:1 105:1
THRU_BUCKETS over15 tick=3660 bucket=0 load=105 cap=12
THRU_BUCKETS over15 tick=8340 bucket=126 load=17 cap=12
THRU_BUCKETS over15 tick=9720 bucket=127 load=16 cap=7
THRU_HIST 0k:102(p2) 2k:20(p20) 4k:31(p31) 6k:15(p15) 36k:7(p0) 38k:19(p0)
STATE tick=10000 hash=835f88db16ad7232687ee671adf74b691363b3a5ed03a84b3b83267f80975a0e
