Godot Engine v4.7.2.stable.official.ed1daf0bf - https://godotengine.org

Slime Train booted (Godot 4.7.2-stable (official)).
THRU fixture=s3-basket-59of60 seed=2 tick0=0 slimes=200 loop_len=38297
THRU_HDR win_end,x19,x22,stall,oob,stuck,hops,sim_train,all_train,bowl_n,back_mean,back_adv,bucket_max,buckets_over
THRU_WIN 600,0,0,0,0,0,136,32,140,138,16309,1,24,6
THRU_WIN 1200,3,0,0,0,0,145,35,145,135,16294,0,23,6
THRU_WIN 1800,6,2,0,0,0,136,34,148,131,16278,0,23,6
THRU_WIN 2400,5,5,0,0,0,119,31,150,127,16263,0,23,6
THRU_WIN 3000,6,6,0,0,2,104,22,153,122,16248,0,23,5
THRU_WIN 3600,6,6,0,0,0,64,16,156,119,16232,0,23,5
THRU_WIN 4200,5,7,64,0,0,60,23,158,7,17712,0,93,1
THRU_WIN 4800,10,4,0,0,0,41,6,162,3,17789,137,80,1
THRU_WIN 5400,11,12,0,0,0,0,6,168,0,0,667,66,1
THRU_WIN 6000,11,10,0,0,0,0,6,174,0,0,0,52,1
THRU_WIN 6600,13,12,0,0,0,0,6,187,0,0,0,39,1
THRU_WIN 7200,14,13,0,0,0,0,6,200,0,0,0,25,1
THRU_WIN 7800,1,13,20,0,0,24,34,200,0,0,0,15,1
THRU_WIN 8400,0,1,1,0,0,156,54,198,0,0,0,16,1
THRU_WIN 9000,0,0,0,0,58,187,79,196,0,0,0,38,1
THRU_WIN 9600,0,0,0,0,80,195,108,196,0,0,0,49,2
THRU_WIN 10000,0,0,0,0,59,114,117,196,0,0,0,67,2
THRU_TOT tick=10000 x19=91 x22=91 stall=85 oob=0 stuck=199 hops=1481 guard=0 first_stall=3600 bucket_holds=0
THRU_BUCKETS samples=166 buckets=128 density=4.000 max=104 buckets_over15=9 crossings=4
THRU_BUCKETS top bucket:highest/cap (buckets never loaded left out) 0:104/12 1:8/12 2:7/12 3:7/12 4:7/12 5:7/12 6:7/12 7:7/12 8:7/12 9:7/12 10:9/12 11:10/12 12:7/12 13:7/12 14:7/12 15:7/12 16:7/12 17:6/12 18:5/12 19:5/12 20:5/12 21:5/12 22:5/12 23:4/12 24:2/12 25:2/12 26:1/12 52:9/12 53:17/12 54:17/12 55:23/12 56:21/12 57:22/12 58:25/12 59:8/12 60:4/12 61:3/12 62:6/12 63:5/12 64:2/12 65:3/12 66:2/12 67:2/12 68:2/12 69:2/12 70:2/12 71:2/12 72:3/12 73:3/12 74:2/12 75:3/12 76:3/12 77:4/12 78:4/12 79:5/12 80:6/12 81:4/12 82:6/12 83:6/12 84:6/12 85:6/12 86:6/12 87:6/12 88:6/12 89:6/12 90:6/12 91:6/12 92:6/12 93:6/12 94:6/12 95:6/12 96:6/12 97:6/12 98:6/12 99:6/12 100:6/12 101:6/12 102:6/12 103:6/12 104:6/12 105:6/12 106:6/12 107:6/12 108:6/12 109:6/12 110:6/12 111:6/12 112:6/12 113:6/12 114:6/12 115:6/12 116:6/12 117:6/12 118:6/12 119:6/12 120:6/12 121:6/12 122:6/12 123:5/12 124:9/12 125:14/12 126:17/12 127:19/7
THRU_BUCKETS hist load:samples 0:14597 1:3406 2:670 3:285 4:363 5:304 6:913 7:142 8:20 9:73 10:9 12:4 13:4 14:2 15:10 16:15 17:127 18:3 19:4 20:9 21:117 22:8 23:62 24:17 25:4 27:1 28:1 29:1 31:1 32:1 33:1 35:1 36:1 37:2 38:8 39:2 40:1 41:2 43:2 44:2 46:2 47:1 48:1 49:1 50:1 51:1 52:3 54:1 55:1 56:2 58:3 59:1 61:1 62:1 63:1 64:1 65:1 66:1 67:1 69:1 70:1 71:1 73:1 74:1 75:1 77:1 78:1 80:1 81:1 82:1 84:1 85:1 86:1 88:1 89:1 90:1 92:1 93:1 94:1 96:1 97:1 99:1 100:1 101:1 102:1 103:1 104:1
THRU_BUCKETS over15 tick=3660 bucket=0 load=104 cap=12
THRU_BUCKETS over15 tick=8580 bucket=126 load=17 cap=12
THRU_BUCKETS over15 tick=8700 bucket=127 load=16 cap=7
THRU_BUCKETS over15 tick=9720 bucket=127 load=16 cap=7
THRU_HIST 0k:89(p1) 2k:21(p21) 4k:34(p34) 6k:16(p16) 8k:1(p1) 34k:4(p4) 36k:12(p2) 38k:19(p0)
STATE tick=10000 hash=1866ca9d699c98c1890593fa852eed1499de37a28a47f7597d159c2f4a557efc
