Godot Engine v4.7.2.stable.official.ed1daf0bf - https://godotengine.org

Slime Train booted (Godot 4.7.2-stable (official)).
BUCKET_CAP on density=4.0 length=300.0
THRU fixture=s3-basket-59of60 seed=1 tick0=0 slimes=200 loop_len=38297
THRU_HDR win_end,x19,x22,stall,oob,stuck,hops,sim_train,all_train,bowl_n,back_mean,back_adv,bucket_max,buckets_over
THRU_WIN 600,0,0,0,0,0,129,31,140,138,16309,1,23,6
THRU_WIN 1200,3,0,0,0,0,132,33,144,136,16301,0,23,6
THRU_WIN 1800,5,1,0,0,0,134,35,148,133,16286,0,23,6
THRU_WIN 2400,6,5,0,0,0,124,30,149,129,16271,0,23,6
THRU_WIN 3000,5,6,0,0,0,87,15,151,126,16263,0,23,6
THRU_WIN 3600,4,6,0,0,1,43,11,153,122,16248,0,23,5
THRU_WIN 4200,6,3,65,0,0,64,14,154,8,17607,0,97,1
THRU_WIN 4800,12,8,0,0,0,9,4,161,1,0,474,84,1
THRU_WIN 5400,11,12,0,0,0,0,4,168,0,0,0,70,1
THRU_WIN 6000,12,11,0,0,0,0,4,176,0,0,0,56,1
THRU_WIN 6600,13,12,0,0,0,0,4,189,0,0,0,43,1
THRU_WIN 7200,12,14,0,0,0,0,4,199,0,0,0,29,1
THRU_WIN 7800,0,11,24,0,0,68,45,197,0,0,0,24,1
THRU_WIN 8400,0,0,1,0,6,160,86,196,0,0,0,31,2
THRU_WIN 9000,0,0,0,0,111,200,95,195,0,0,0,43,2
THRU_WIN 9600,0,0,0,0,79,175,116,195,0,0,0,64,2
THRU_WIN 10000,0,0,0,0,60,107,120,194,0,0,0,82,2
THRU_TOT tick=10000 x19=89 x22=89 stall=90 oob=0 stuck=257 hops=1432 guard=0 first_stall=3600 bucket_holds=3
THRU_BUCKETS samples=166 buckets=128 density=4.000 max=107 buckets_over15=7 crossings=1
THRU_BUCKETS top bucket:highest/cap (buckets never loaded left out) 0:107/12 1:9/12 2:7/12 3:7/12 4:7/12 5:7/12 6:7/12 7:7/12 8:7/12 9:7/12 10:10/12 11:10/12 12:8/12 13:8/12 14:8/12 15:8/12 16:8/12 17:8/12 18:6/12 19:6/12 20:4/12 21:4/12 22:3/12 23:3/12 24:1/12 52:9/12 53:17/12 54:17/12 55:23/12 56:21/12 57:22/12 58:24/12 59:8/12 60:6/12 61:6/12 62:6/12 63:5/12 64:2/12 65:3/12 66:2/12 67:2/12 68:2/12 69:2/12 70:2/12 71:2/12 72:3/12 73:3/12 74:3/12 75:5/12 76:4/12 77:4/12 78:6/12 79:4/12 80:6/12 81:6/12 82:6/12 83:6/12 84:6/12 85:6/12 86:6/12 87:6/12 88:6/12 89:6/12 90:6/12 91:6/12 92:6/12 93:6/12 94:6/12 95:6/12 96:6/12 97:6/12 98:6/12 99:6/12 100:6/12 101:6/12 102:6/12 103:6/12 104:6/12 105:6/12 106:6/12 107:6/12 108:6/12 109:6/12 110:6/12 111:6/12 112:6/12 113:6/12 114:7/12 115:6/12 116:7/12 117:6/12 118:7/12 119:7/12 120:7/12 121:7/12 122:6/12 123:5/12 124:6/12 125:10/12 126:15/12 127:15/7
THRU_BUCKETS hist load:samples 0:14945 1:3237 2:584 3:289 4:364 5:307 6:795 7:140 8:29 9:74 10:5 11:5 12:3 13:6 14:12 15:6 17:125 18:4 19:4 20:3 21:63 22:73 23:60 24:14 25:10 26:2 28:2 29:1 31:2 32:1 33:1 35:1 36:1 37:1 39:1 40:1 41:9 42:1 43:2 44:1 45:2 46:1 47:1 48:1 49:1 50:1 51:1 52:2 54:1 55:1 56:1 57:2 58:1 59:2 60:1 62:2 63:2 64:1 65:1 66:1 67:1 68:1 69:1 70:1 71:1 73:2 74:1 75:2 77:1 78:2 79:2 80:1 81:1 82:1 84:1 85:1 86:1 88:1 89:1 90:1 92:1 93:1 94:1 96:1 97:1 98:1 100:1 101:1 103:1 104:1 105:1 106:1 107:2
THRU_BUCKETS over15 tick=3660 bucket=0 load=107 cap=12
THRU_HIST 0k:101(p2) 2k:22(p22) 4k:32(p32) 6k:14(p14) 34k:1(p1) 36k:11(p3) 38k:13(p0)
STATE tick=10000 hash=04ff6521d0cd4f18d99368b386983e513158daefaba2c32e8a08e13c08966fcb
