Godot Engine v4.7.2.stable.official.ed1daf0bf - https://godotengine.org

Slime Train booted (Godot 4.7.2-stable (official)).
THRU fixture=stress-moving seed=2 tick0=0 slimes=200 loop_len=38297
THRU_HDR win_end,x19,x22,stall,oob,stuck,hops,sim_train,all_train,bowl_n,back_mean,back_adv,bucket_max,buckets_over
THRU_WIN 600,0,0,0,0,0,196,144,144,142,16246,29,32,7
THRU_WIN 1200,0,0,0,0,0,116,129,132,127,16260,8,34,7
THRU_WIN 1800,3,0,0,0,0,83,125,130,122,16245,1,34,7
THRU_WIN 2400,2,1,0,0,0,139,125,129,119,16231,2,34,7
THRU_WIN 3000,3,4,0,0,0,184,121,128,114,16222,7,33,7
THRU_WIN 3600,3,2,0,0,0,261,117,127,111,16222,17,33,7
THRU_WIN 4200,4,4,0,0,0,251,114,126,106,16223,18,32,6
THRU_WIN 4800,3,4,0,0,0,289,107,123,101,16233,28,33,6
THRU_WIN 5400,4,3,0,0,0,264,105,123,98,16253,29,33,6
THRU_WIN 6000,1,4,0,0,0,216,96,121,93,16252,27,33,6
THRU_WIN 6600,3,0,4,0,0,245,91,125,86,16279,36,31,6
THRU_WIN 7200,2,4,0,0,0,208,86,124,81,16282,30,32,6
THRU_WIN 7800,1,1,0,0,0,192,84,126,79,16293,24,26,5
THRU_WIN 8400,1,2,0,0,0,201,81,129,75,16298,31,25,5
THRU_WIN 9000,2,1,0,0,0,157,74,129,70,16313,28,24,6
THRU_WIN 9600,3,2,0,0,0,179,71,129,70,16351,38,24,6
THRU_WIN 10000,2,2,0,0,0,108,69,132,70,16375,24,23,6
THRU_TOT tick=10000 x19=37 x22=34 stall=4 oob=0 stuck=0 hops=3289 guard=0 first_stall=6125 bucket_holds=0
THRU_BUCKETS samples=166 buckets=128 density=4.000 max=36 buckets_over15=7 crossings=2
THRU_BUCKETS top bucket:highest/cap (buckets never loaded left out) 0:6/12 1:6/12 2:6/12 3:6/12 4:6/12 5:6/12 6:6/12 7:6/12 8:6/12 9:6/12 10:6/12 11:6/12 12:6/12 13:6/12 14:4/12 15:4/12 16:4/12 17:2/12 52:17/12 53:29/12 54:27/12 55:36/12 56:32/12 57:29/12 58:31/12 59:12/12 60:7/12 61:6/12 62:7/12 63:6/12 64:3/12 65:3/12 66:3/12 67:3/12 68:4/12 69:4/12 70:4/12 71:4/12 72:4/12 73:4/12 74:4/12 75:4/12 76:4/12 77:4/12 78:4/12 79:4/12 80:4/12 81:4/12 82:4/12 83:4/12 84:4/12 85:4/12 86:4/12 87:4/12 88:4/12 89:4/12 90:4/12 91:4/12 92:4/12 93:4/12 94:4/12 95:4/12 96:4/12 97:4/12 98:4/12 99:4/12 100:4/12 101:4/12 102:4/12 103:4/12 104:4/12 105:4/12 106:4/12 107:4/12 108:4/12 109:4/12 110:4/12 111:4/12 112:4/12 113:4/12 114:4/12 115:4/12 116:4/12 117:4/12 118:4/12 119:4/12 120:4/12 121:4/12 122:4/12 123:4/12 124:4/12 125:4/12 126:4/12 127:4/7
THRU_BUCKETS hist load:samples 0:17274 1:778 2:829 3:581 4:426 5:116 6:90 7:34 8:5 9:5 10:29 11:11 12:31 13:7 14:29 15:16 16:88 17:39 18:11 19:35 20:40 21:34 22:50 23:64 24:71 25:113 26:99 27:66 28:71 29:58 30:38 31:17 32:33 33:25 34:23 35:7 36:5
THRU_BUCKETS over15 tick=7140 bucket=58 load=16 cap=12
THRU_BUCKETS over15 tick=8760 bucket=58 load=16 cap=12
THRU_HIST 0k:17(p17) 2k:20(p20) 4k:14(p14) 14k:4(p4) 16k:66(p0) 18k:2(p1) 20k:1(p0) 22k:2(p1) 24k:2(p2) 28k:1(p1) 32k:1(p1) 34k:2(p2)
STATE tick=10000 hash=e6f6150743276ebe98a6e04cf479b591a3d17254d75a4f8ff4bce42fe48cdb99
