Godot Engine v4.7.2.stable.official.ed1daf0bf - https://godotengine.org

Slime Train booted (Godot 4.7.2-stable (official)).
BUCKET_CAP on density=4.0 length=300.0
THRU fixture=stress-moving seed=1 tick0=0 slimes=200 loop_len=38297
THRU_HDR win_end,x19,x22,stall,oob,stuck,hops,sim_train,all_train,bowl_n,back_mean,back_adv,bucket_max,buckets_over
THRU_WIN 600,0,0,0,0,0,45,141,142,140,16247,20,32,7
THRU_WIN 1200,0,0,0,0,0,91,132,136,130,16250,6,32,7
THRU_WIN 1800,4,0,0,0,0,70,133,136,127,16238,4,34,7
THRU_WIN 2400,2,4,0,0,0,73,133,136,124,16232,2,31,7
THRU_WIN 3000,1,2,0,0,0,65,131,136,123,16224,0,31,7
THRU_WIN 3600,0,1,0,0,0,57,125,136,122,16224,0,31,7
THRU_WIN 4200,4,0,1,0,0,53,124,137,119,16208,0,31,7
THRU_WIN 4800,2,3,0,0,0,67,122,137,117,16199,0,31,6
THRU_WIN 5400,4,2,0,0,0,27,118,137,114,16191,0,31,6
THRU_WIN 6000,2,3,0,0,0,21,116,137,111,16174,0,31,6
THRU_WIN 6600,1,4,0,0,0,20,114,137,110,16174,0,31,6
THRU_WIN 7200,1,1,0,0,0,29,111,136,109,16167,1,31,6
THRU_WIN 7800,1,1,0,0,0,47,110,140,105,16152,1,32,6
THRU_WIN 8400,1,1,0,0,0,50,104,140,103,16143,0,31,6
THRU_WIN 9000,3,1,0,0,0,42,101,138,98,16126,0,31,6
THRU_WIN 9600,1,2,0,0,0,38,101,140,98,16126,0,31,6
THRU_WIN 10000,1,1,0,0,0,24,99,142,96,16118,0,30,6
THRU_TOT tick=10000 x19=28 x22=26 stall=1 oob=0 stuck=0 hops=819 guard=0 first_stall=3992 bucket_holds=159
THRU_BUCKETS samples=166 buckets=128 density=4.000 max=34 buckets_over15=7 crossings=0
THRU_BUCKETS top bucket:highest/cap (buckets never loaded left out) 0:5/12 1:5/12 2:5/12 3:5/12 4:5/12 5:5/12 6:5/12 7:5/12 8:5/12 9:4/12 10:4/12 11:4/12 12:4/12 13:4/12 14:4/12 15:4/12 16:4/12 17:4/12 18:2/12 19:2/12 20:2/12 21:2/12 22:1/12 52:18/12 53:31/12 54:27/12 55:34/12 56:29/12 57:29/12 58:31/12 59:12/12 60:10/12 61:4/12 62:6/12 63:4/12 64:3/12 65:3/12 66:3/12 67:3/12 68:3/12 69:3/12 70:3/12 71:3/12 72:4/12 73:3/12 74:4/12 75:4/12 76:4/12 77:4/12 78:4/12 79:3/12 80:3/12 81:4/12 82:4/12 83:4/12 84:4/12 85:3/12 86:3/12 87:4/12 88:4/12 89:4/12 90:4/12 91:3/12 92:3/12 93:4/12 94:4/12 95:4/12 96:4/12 97:3/12 98:3/12 99:4/12 100:4/12 101:4/12 102:4/12 103:3/12 104:3/12 105:4/12 106:4/12 107:4/12 108:4/12 109:3/12 110:3/12 111:4/12 112:4/12 113:4/12 114:4/12 115:3/12 116:3/12 117:4/12 118:4/12 119:4/12 120:4/12 121:3/12 122:3/12 123:4/12 124:4/12 125:4/12 126:4/12 127:3/7
THRU_BUCKETS hist load:samples 0:17643 1:846 2:754 3:539 4:178 5:59 6:9 7:32 8:39 9:14 10:17 11:12 12:32 13:8 14:13 15:24 16:166 17:22 18:3 19:7 20:20 21:7 22:62 23:106 24:14 25:19 26:57 27:28 28:19 29:174 30:167 31:116 32:38 34:4
THRU_HIST 0k:14(p14) 2k:10(p10) 4k:10(p10) 6k:2(p2) 14k:17(p0) 16k:79(p0) 18k:3(p2) 20k:1(p0) 22k:2(p1) 24k:1(p1) 28k:1(p1) 32k:1(p1) 36k:1(p1)
STATE tick=10000 hash=b3c23ae4e63f8e88d018429dbf801d9de85e5404c9260fa043c107976b76a6a8
