Godot Engine v4.7.2.stable.official.ed1daf0bf - https://godotengine.org

Slime Train booted (Godot 4.7.2-stable (official)).
THRU fixture=stress-moving seed=1 tick0=0 slimes=200 loop_len=38297
THRU_HDR win_end,x19,x22,stall,oob,stuck,hops,sim_train,all_train,bowl_n,back_mean,back_adv,bucket_max,buckets_over
THRU_WIN 600,0,0,0,0,0,169,141,142,140,16250,30,32,7
THRU_WIN 1200,0,0,0,0,0,235,128,132,126,16264,11,31,7
THRU_WIN 1800,4,0,0,0,0,225,128,132,123,16257,9,33,7
THRU_WIN 2400,3,4,0,0,0,110,124,131,117,16239,6,35,7
THRU_WIN 3000,4,1,0,0,0,146,121,130,114,16233,2,34,7
THRU_WIN 3600,3,5,0,0,0,233,116,129,110,16226,10,32,7
THRU_WIN 4200,4,3,1,0,0,246,112,131,107,16227,20,30,7
THRU_WIN 4800,3,5,0,0,0,273,109,129,103,16248,35,30,7
THRU_WIN 5400,1,1,0,0,0,247,101,125,96,16269,26,31,6
THRU_WIN 6000,2,3,1,0,0,188,94,126,91,16269,25,29,6
THRU_WIN 6600,1,2,1,0,0,171,92,128,87,16276,24,29,6
THRU_WIN 7200,1,1,2,0,0,201,84,128,79,16301,27,25,6
THRU_WIN 7800,3,1,0,0,0,187,83,132,78,16336,35,25,6
THRU_WIN 8400,2,2,0,0,0,177,81,134,75,16340,29,25,6
THRU_WIN 9000,1,2,0,0,0,221,77,134,70,16374,57,29,6
THRU_WIN 9600,3,2,1,0,0,206,73,137,68,16424,56,26,4
THRU_WIN 10000,2,3,0,0,0,127,70,137,67,16436,24,25,5
THRU_TOT tick=10000 x19=37 x22=35 stall=6 oob=0 stuck=0 hops=3362 guard=0 first_stall=3958 bucket_holds=0
THRU_BUCKETS samples=166 buckets=128 density=4.000 max=35 buckets_over15=7 crossings=1
THRU_BUCKETS top bucket:highest/cap (buckets never loaded left out) 0:7/12 1:6/12 2:6/12 3:6/12 4:6/12 5:6/12 6:6/12 7:6/12 8:6/12 9:6/12 10:6/12 11:6/12 12:5/12 13:5/12 14:5/12 15:4/12 16:4/12 17:4/12 18:3/12 19:3/12 20:3/12 21:3/12 22:2/12 52:18/12 53:29/12 54:28/12 55:35/12 56:32/12 57:29/12 58:31/12 59:12/12 60:6/12 61:5/12 62:5/12 63:5/12 64:3/12 65:3/12 66:4/12 67:3/12 68:3/12 69:4/12 70:4/12 71:4/12 72:4/12 73:4/12 74:4/12 75:4/12 76:4/12 77:4/12 78:4/12 79:4/12 80:4/12 81:4/12 82:4/12 83:4/12 84:4/12 85:4/12 86:4/12 87:4/12 88:4/12 89:4/12 90:4/12 91:4/12 92:4/12 93:4/12 94:4/12 95:4/12 96:4/12 97:4/12 98:4/12 99:4/12 100:4/12 101:4/12 102:4/12 103:4/12 104:4/12 105:4/12 106:4/12 107:4/12 108:4/12 109:4/12 110:4/12 111:4/12 112:4/12 113:4/12 114:4/12 115:4/12 116:4/12 117:4/12 118:4/12 119:4/12 120:4/12 121:4/12 122:4/12 123:4/12 124:4/12 125:4/12 126:4/12 127:4/7
THRU_BUCKETS hist load:samples 0:16936 1:1055 2:1008 3:488 4:378 5:149 6:71 7:7 8:20 9:10 10:18 11:44 12:5 13:15 14:30 15:8 16:73 17:28 18:29 19:37 20:87 21:82 22:59 23:35 24:79 25:115 26:53 27:78 28:55 29:78 30:43 31:28 32:21 33:10 34:11 35:5
THRU_BUCKETS over15 tick=9960 bucket=58 load=16 cap=12
THRU_HIST 0k:13(p13) 2k:23(p23) 4k:16(p16) 6k:3(p3) 14k:2(p2) 16k:65(p0) 18k:4(p1) 20k:1(p0) 22k:3(p2) 24k:1(p1) 26k:1(p1) 28k:1(p1) 30k:2(p2) 32k:1(p1) 34k:1(p1)
STATE tick=10000 hash=3d626869d9960c1051bd8fe496265203670158d239df37e959f49ec65c780630
