Godot Engine v4.7.2.stable.official.ed1daf0bf - https://godotengine.org

Slime Train booted (Godot 4.7.2-stable (official)).
BUCKET_CAP on density=4.0 length=300.0
THRU fixture=stress-moving seed=2 tick0=0 slimes=200 loop_len=38297
THRU_HDR win_end,x19,x22,stall,oob,stuck,hops,sim_train,all_train,bowl_n,back_mean,back_adv,bucket_max,buckets_over
THRU_WIN 600,0,0,0,0,0,49,145,145,143,16254,20,32,7
THRU_WIN 1200,0,0,0,0,0,93,137,137,133,16259,8,34,7
THRU_WIN 1800,0,0,0,0,0,95,134,137,130,16254,3,31,7
THRU_WIN 2400,3,0,0,0,0,79,130,137,127,16239,0,31,7
THRU_WIN 3000,4,2,0,0,0,57,132,137,125,16231,0,31,7
THRU_WIN 3600,4,5,0,0,0,50,128,137,121,16215,0,31,7
THRU_WIN 4200,4,4,0,0,0,28,126,137,119,16207,1,31,7
THRU_WIN 4800,1,2,0,0,0,42,124,137,118,16207,0,31,6
THRU_WIN 5400,2,3,0,0,0,67,119,136,113,16182,0,31,6
THRU_WIN 6000,2,2,0,0,0,30,113,136,111,16174,0,31,6
THRU_WIN 6600,4,2,0,0,0,28,114,138,109,16165,0,31,6
THRU_WIN 7200,1,3,0,0,0,39,111,139,108,16165,0,31,6
THRU_WIN 7800,1,1,0,0,0,39,108,139,104,16149,0,31,6
THRU_WIN 8400,0,2,0,0,0,31,105,141,104,16149,0,31,6
THRU_WIN 9000,2,0,0,0,0,29,105,142,102,16141,0,31,6
THRU_WIN 9600,1,2,0,0,0,18,102,145,101,16132,0,31,7
THRU_WIN 10000,1,0,0,0,0,13,102,146,101,16132,0,31,7
THRU_TOT tick=10000 x19=30 x22=28 stall=0 oob=0 stuck=0 hops=787 guard=0 first_stall=-1 bucket_holds=160
THRU_BUCKETS samples=166 buckets=128 density=4.000 max=34 buckets_over15=7 crossings=0
THRU_BUCKETS top bucket:highest/cap (buckets never loaded left out) 0:5/12 1:5/12 2:5/12 3:5/12 4:5/12 5:5/12 6:5/12 7:5/12 8:5/12 9:5/12 10:5/12 11:5/12 12:5/12 13:5/12 14:3/12 15:3/12 16:1/12 52:18/12 53:31/12 54:27/12 55:34/12 56:29/12 57:29/12 58:31/12 59:12/12 60:7/12 61:5/12 62:5/12 63:5/12 64:3/12 65:3/12 66:3/12 67:3/12 68:4/12 69:4/12 70:4/12 71:4/12 72:4/12 73:4/12 74:4/12 75:5/12 76:4/12 77:5/12 78:5/12 79:4/12 80:4/12 81:4/12 82:4/12 83:3/12 84:3/12 85:4/12 86:4/12 87:4/12 88:4/12 89:3/12 90:3/12 91:4/12 92:4/12 93:4/12 94:4/12 95:3/12 96:3/12 97:4/12 98:4/12 99:4/12 100:4/12 101:3/12 102:3/12 103:4/12 104:4/12 105:4/12 106:4/12 107:3/12 108:3/12 109:4/12 110:4/12 111:4/12 112:4/12 113:3/12 114:3/12 115:4/12 116:4/12 117:4/12 118:4/12 119:3/12 120:3/12 121:4/12 122:4/12 123:4/12 124:4/12 125:3/12 126:3/12 127:4/7
THRU_BUCKETS hist load:samples 0:17532 1:1052 2:825 3:399 4:179 5:52 6:12 7:17 8:12 9:10 10:31 11:12 12:33 13:2 14:16 15:1 16:190 17:8 18:13 20:16 21:19 22:19 23:152 24:13 25:21 26:69 27:36 28:50 29:120 30:175 31:146 32:12 34:4
THRU_HIST 0k:14(p14) 2k:15(p15) 4k:9(p9) 14k:18(p0) 16k:83(p0) 20k:2(p1) 24k:1(p1) 26k:1(p1) 32k:2(p2) 36k:1(p1)
STATE tick=10000 hash=97ade303687d79e3599e98f9bd0b983c0ec025985fcc7f92cd0bfba15deb686c
