Godot Engine v4.7.2.stable.official.ed1daf0bf - https://godotengine.org

Slime Train booted (Godot 4.7.2-stable (official)).
DIAG fixture=s3-basket-59of60 seed=1 tick0=0 slimes=200 loop_len=38297
BASKET s1.basket box=[P: (7476.48, -100.0), S: (933.1196, 200.0)] quota=6 loop_d~400
BASKET s2.basket box=[P: (14054.4, -20.0), S: (403.1992, 170.0)] quota=15 loop_d~400
BASKET s3.basket box=[P: (18109.44, -120.0), S: (668.1602, 220.0)] quota=60 loop_d~400
EV kind,tick,id,state,species,size,dist,laps,held,calm,supported,holding,x,y,basket,gap,bowl,other,o_state,o_size,o_dist
EV stall,3600,107,train,3,1,16514,0,0,parked,1,0,16352,76,s3.basket,2093,1
EV stall,3600,108,train,2,1,16564,0,0,parked,1,0,16402,76,s3.basket,2043,1
EV stall,3600,109,train,3,1,16614,0,0,parked,1,0,16452,76,s3.basket,1993,1
EV stall,3600,110,train,0,1,16664,0,0,parked,1,0,16502,76,s3.basket,1943,1
EV stall,3600,111,train,1,1,16714,0,0,parked,1,0,16552,76,s3.basket,1893,1
EV stall,3600,112,train,2,1,16764,0,0,parked,1,0,16602,76,s3.basket,1844,1
EV stall,3600,113,train,3,1,16814,0,0,parked,1,0,16652,76,s3.basket,1794,1
EV stall,3600,114,train,0,1,16864,0,0,parked,1,0,16702,76,s3.basket,1744,1
EV stall,3600,115,train,1,1,16914,0,0,parked,1,0,16752,76,s3.basket,1694,1
EV stall,3600,116,train,2,1,16964,0,0,parked,1,0,16802,76,s3.basket,1644,1
EV stall,3600,117,train,3,1,17014,0,0,parked,1,0,16852,76,s3.basket,1594,1
EV stall,3600,118,train,0,1,17064,0,0,parked,1,0,16902,76,s3.basket,1544,1
EV stall,3600,119,train,1,1,17114,0,0,parked,1,0,16952,76,s3.basket,1494,1
EV stall,3600,120,train,2,1,17164,0,0,parked,1,0,17002,76,s3.basket,1444,1
EV stall,3600,121,train,3,1,17214,0,0,parked,1,0,17052,76,s3.basket,1394,1
EV stall,3600,122,train,3,1,17264,0,0,parked,1,0,17102,76,s3.basket,1344,1
EV stall,3600,123,train,3,1,17314,0,0,parked,1,0,17152,76,s3.basket,1294,1
EV stall,3600,124,train,0,1,17377,0,0,parked,1,0,17216,76,s3.basket,1231,1
EV stall,3600,127,train,3,1,15816,0,0,parked,1,0,15654,75,s2.basket,1398,1
EV stall,3600,129,train,3,1,15759,0,0,parked,1,0,15598,70,s2.basket,1342,1
EV stall,3600,131,train,4,1,15707,0,0,parked,1,0,15546,65,s2.basket,1290,1
EV stall,3600,135,train,4,1,16564,0,0,parked,1,0,16402,76,s3.basket,2043,1
EV stall,3600,136,train,4,1,16614,0,0,parked,1,0,16452,76,s3.basket,1993,1
EV stall,3600,137,train,4,1,16666,0,0,parked,1,0,16504,76,s3.basket,1941,1
EV stall,3600,138,train,4,1,16714,0,0,parked,1,0,16552,76,s3.basket,1893,1
EV stall,3600,139,train,1,1,16766,0,0,parked,1,0,16604,76,s3.basket,1842,1
EV stall,3600,140,train,3,1,16814,0,0,parked,1,0,16652,76,s3.basket,1794,1
EV stall,3600,141,train,0,1,16866,0,0,parked,1,0,16704,76,s3.basket,1742,1
EV stall,3600,142,train,4,1,16914,0,0,parked,1,0,16752,76,s3.basket,1694,1
EV stall,3600,143,train,1,1,16966,0,0,parked,1,0,16804,76,s3.basket,1642,1
EV stall,3600,144,train,4,1,17014,0,0,parked,1,0,16852,76,s3.basket,1594,1
EV stall,3600,145,train,2,1,17066,0,0,parked,1,0,16904,76,s3.basket,1542,1
EV stall,3600,146,train,3,1,17114,0,0,parked,1,0,16952,76,s3.basket,1494,1
EV stall,3600,147,train,0,1,17166,0,0,parked,1,0,17004,76,s3.basket,1442,1
EV stall,3600,148,train,4,1,17214,0,0,parked,1,0,17052,76,s3.basket,1394,1
EV stall,3600,149,train,1,1,17266,0,0,parked,1,0,17104,76,s3.basket,1342,1
EV stall,3600,150,train,4,1,17316,0,0,parked,1,0,17154,76,s3.basket,1292,1
EV stall,3600,151,train,4,1,17364,0,0,parked,1,0,17202,76,s3.basket,1244,1
EV stall,3600,154,train,0,1,15805,0,0,parked,1,0,15643,74,s2.basket,1387,1
EV stall,3600,157,train,4,1,15755,0,0,parked,1,0,15593,70,s2.basket,1337,1
EV stall,3600,159,train,3,1,15694,0,0,parked,1,0,15534,62,s2.basket,1278,1
EV stall,3600,164,train,4,1,16514,0,0,parked,1,0,16352,76,s3.basket,2093,1
EV stall,3600,165,train,2,1,16564,0,0,parked,1,0,16402,76,s3.basket,2043,1
EV stall,3600,166,train,3,1,17374,0,0,parked,1,0,17213,76,s3.basket,1234,1
EV stall,3600,172,train,4,1,15966,0,0,parked,1,0,15804,76,s2.basket,1548,1
EV stall,3600,173,train,3,1,16016,0,0,parked,1,0,15854,76,s2.basket,1598,1
EV stall,3600,174,train,4,1,16066,0,0,parked,1,0,15904,76,s2.basket,1648,1
EV stall,3600,175,train,3,1,16116,0,0,parked,1,0,15954,76,s2.basket,1698,1
EV stall,3600,176,train,4,1,16166,0,0,parked,1,0,16004,76,s2.basket,1748,1
EV stall,3600,177,train,2,1,16216,0,0,parked,1,0,16054,76,s2.basket,1798,1
EV stall,3600,178,train,4,1,16266,0,0,parked,1,0,16104,76,s2.basket,1848,1
EV stall,3600,182,train,4,1,15680,0,0,parked,1,0,15520,60,s2.basket,1264,1
EV stall,3600,184,train,4,1,16616,0,0,parked,1,0,16454,76,s3.basket,1991,1
EV stall,3600,185,train,1,1,16716,0,0,parked,1,0,16554,76,s3.basket,1891,1
EV stall,3600,186,train,4,1,16816,0,0,parked,1,0,16654,76,s3.basket,1792,1
EV stall,3600,187,train,1,1,16916,0,0,parked,1,0,16754,76,s3.basket,1692,1
EV stall,3600,188,train,4,1,16516,0,0,parked,1,0,16354,76,s3.basket,2091,1
EV stall,3600,189,train,1,1,16566,0,0,parked,1,0,16404,76,s3.basket,2041,1
EV stall,3600,190,train,4,1,17016,0,0,parked,1,0,16854,76,s3.basket,1592,1
EV stall,3600,194,train,3,1,17116,0,0,parked,1,0,16954,76,s3.basket,1492,1
EV stall,3600,197,train,0,1,17216,0,0,parked,1,0,17054,76,s3.basket,1392,1
EV stall,3600,198,train,0,1,16316,0,0,parked,1,0,16154,76,s2.basket,1898,1
EV stall,3600,199,train,3,1,16366,0,0,parked,1,0,16204,76,s2.basket,1948,1
EV stall,3600,200,train,4,1,16416,0,0,parked,1,0,16254,76,s2.basket,1998,1
EV stuck,3870,168,train,4,1,18116,0,0,active,1,0,17871,-91,s3.basket,578,0,128,train,1,18074
EV stall,7201,60,train,0,1,0,0,0,parked,1,0,242,476,s1.basket,7716,0
EV stall,7201,67,train,2,1,0,0,0,parked,1,0,242,476,s1.basket,7716,0
EV stall,7201,68,train,0,1,0,0,0,parked,1,0,242,476,s1.basket,7716,0
EV stall,7201,69,train,1,1,0,0,0,parked,1,0,242,476,s1.basket,7716,0
EV stall,7201,70,train,2,1,0,0,0,parked,1,0,242,476,s1.basket,7716,0
EV stall,7201,71,train,0,1,0,0,0,parked,1,0,242,476,s1.basket,7716,0
EV stall,7201,72,train,1,1,0,0,0,parked,1,0,242,476,s1.basket,7716,0
EV stall,7201,73,train,2,1,0,0,0,parked,1,0,242,476,s1.basket,7716,0
EV stall,7201,74,train,0,1,0,0,0,parked,1,0,242,476,s1.basket,7716,0
EV stall,7201,75,train,0,1,0,0,0,parked,1,0,242,476,s1.basket,7716,0
EV stall,7201,76,train,1,1,0,0,0,parked,1,0,242,476,s1.basket,7716,0
EV stall,7201,77,train,1,1,0,0,0,parked,1,0,242,476,s1.basket,7716,0
EV stall,7201,78,train,2,1,0,0,0,parked,1,0,242,476,s1.basket,7716,0
EV stall,7201,79,train,2,1,0,0,0,parked,1,0,242,476,s1.basket,7716,0
EV stall,7201,80,train,2,1,0,0,0,parked,1,0,242,476,s1.basket,7716,0
EV stall,7201,81,train,2,1,0,0,0,parked,1,0,242,476,s1.basket,7716,0
EV stall,7201,82,train,0,1,0,0,0,parked,1,0,242,476,s1.basket,7716,0
EV stall,7201,83,train,0,1,0,0,0,parked,1,0,242,476,s1.basket,7716,0
EV stall,7201,84,train,0,1,0,0,0,parked,1,0,242,476,s1.basket,7716,0
EV stall,7201,85,train,1,1,0,0,0,parked,1,0,242,476,s1.basket,7716,0
EV stall,7201,86,train,1,1,0,0,0,parked,1,0,242,476,s1.basket,7716,0
EV stall,7201,87,train,2,1,21,0,0,parked,1,0,255,459,s1.basket,7702,0
EV stall,7997,1,train,4,1,38249,0,1,parked,1,0,266,518,s1.basket,7695,0
EV stuck,8310,14,train,4,1,37800,0,1,active,1,0,681,580,s1.basket,7286,0,13,train,1,37800
EV stuck,8460,8,train,1,1,34,1,0,active,1,0,209,409,s1.basket,7744,0,7,train,1,34
EV stuck,8460,13,train,3,1,34,1,0,active,1,0,210,409,s1.basket,7744,0,7,train,1,34
EV stuck,8460,93,train,3,1,33,1,0,active,1,0,210,409,s1.basket,7744,0,7,train,1,34
EV stuck,8490,10,train,2,1,38225,0,1,active,1,0,310,520,s1.basket,7651,0,6,train,1,38225
EV stuck,8490,11,train,3,1,38225,0,1,active,1,0,310,520,s1.basket,7651,0,6,train,1,38225
EV stuck,8490,161,train,2,1,35,1,0,active,1,0,63,456,s1.basket,7894,0,7,train,1,36
EV stuck,8490,202,train,0,1,38157,0,1,active,1,0,323,586,s1.basket,7642,0,9,train,1,38157
EV stuck,8490,181,train,0,1,11,1,0,active,1,0,243,462,s1.basket,7714,0,156,train,1,11
EV stuck,8520,196,train,2,1,38226,0,1,active,1,0,323,522,s1.basket,7638,0,5,train,1,38226
EV stuck,8550,12,train,0,1,38240,0,1,active,1,0,291,550,s1.basket,7672,0,3,train,1,38240
EV stuck,8550,81,train,2,1,35,0,0,active,1,0,93,479,s1.basket,7865,0,7,train,1,36
EV stuck,8550,60,train,0,1,18,0,0,active,1,0,251,475,s1.basket,7707,0,14,train,1,21
EV stuck,8550,69,train,1,1,20,0,0,active,1,0,256,475,s1.basket,7702,0,14,train,1,21
EV stuck,8550,72,train,1,1,18,0,0,active,1,1,255,478,s1.basket,7702,0,14,train,1,21
EV stuck,8550,74,train,0,1,18,0,0,active,1,0,254,475,s1.basket,7703,0,14,train,1,21
EV stuck,8550,75,train,0,1,18,0,0,active,1,0,256,475,s1.basket,7702,0,14,train,1,21
EV stuck,8550,76,train,1,1,18,0,0,active,1,0,254,475,s1.basket,7703,0,14,train,1,21
EV stuck,8550,77,train,1,1,18,0,0,active,1,0,256,475,s1.basket,7702,0,14,train,1,21
EV stuck,8550,78,train,2,1,17,0,0,active,1,0,255,474,s1.basket,7703,0,14,train,1,21
EV stuck,8550,79,train,2,1,17,0,0,active,1,0,255,475,s1.basket,7703,0,14,train,1,21
EV stuck,8550,80,train,2,1,18,0,0,active,1,0,255,474,s1.basket,7703,0,14,train,1,21
EV stuck,8550,156,train,1,1,19,1,0,active,1,0,256,474,s1.basket,7702,0,14,train,1,21
EV stuck,8550,68,train,0,1,17,0,0,active,1,0,256,475,s1.basket,7702,0,67,train,1,18
EV stuck,8550,71,train,0,1,17,0,0,active,1,0,256,474,s1.basket,7702,0,67,train,1,18
EV stuck,8550,204,train,0,1,38179,0,1,active,1,0,342,560,s1.basket,7622,0,203,train,1,38180
EV stuck,8580,14,train,4,1,21,0,0,active,1,0,252,463,s1.basket,7705,0,13,train,1,18
EV stuck,8580,67,train,2,1,18,0,0,active,1,0,246,464,s1.basket,7711,0,13,train,1,18
EV stuck,8580,70,train,2,1,18,0,0,active,1,0,248,462,s1.basket,7709,0,13,train,1,18
EV stuck,8580,73,train,2,1,18,0,0,active,1,1,248,465,s1.basket,7709,0,13,train,1,18
EV stuck,8610,13,train,3,1,22,0,0,active,1,0,250,454,s1.basket,7706,0,10,train,1,23
EV stuck,8610,93,train,3,1,25,0,0,active,1,1,247,455,s1.basket,7709,0,10,train,1,23
EV stuck,8610,161,train,2,1,23,0,0,active,1,0,248,455,s1.basket,7709,0,11,train,1,22
EV stuck,8640,196,train,2,1,31,0,0,active,1,0,259,450,s1.basket,7697,0,11,train,1,32
EV stuck,8670,72,train,1,1,36,0,0,active,1,1,258,462,s1.basket,7699,0,1,train,1,34
EV stuck,8670,74,train,0,1,35,0,0,active,1,1,258,463,s1.basket,7699,0,1,train,1,34
EV stuck,8670,75,train,0,1,36,0,0,active,1,1,258,463,s1.basket,7699,0,1,train,1,34
EV stuck,8670,76,train,1,1,35,0,0,active,1,1,257,464,s1.basket,7700,0,1,train,1,34
EV stuck,8670,77,train,1,1,36,0,0,active,1,1,258,462,s1.basket,7699,0,1,train,1,34
EV stuck,8670,78,train,2,1,36,0,0,active,1,0,256,462,s1.basket,7701,0,1,train,1,34
EV stuck,8670,79,train,2,1,36,0,0,active,1,1,258,463,s1.basket,7699,0,1,train,1,34
EV stuck,8670,81,train,2,1,36,0,0,active,1,0,258,462,s1.basket,7699,0,1,train,1,34
EV stuck,8670,156,train,1,1,35,0,0,active,1,0,259,464,s1.basket,7698,0,1,train,1,34
EV stuck,8670,12,train,0,1,36,0,0,active,1,0,255,464,s1.basket,7702,0,10,train,1,38
EV stuck,8670,80,train,2,1,36,0,0,active,1,1,257,463,s1.basket,7700,0,71,train,1,36
EV stuck,8700,70,train,2,1,36,0,0,active,1,0,241,469,s1.basket,7716,0,8,train,1,39
EV stuck,8700,71,train,0,1,36,0,0,active,1,1,242,474,s1.basket,7715,0,8,train,1,39
EV stuck,8700,204,train,0,1,35,0,0,active,1,1,242,474,s1.basket,7715,0,8,train,1,39
EV stuck,8700,73,train,2,1,36,0,0,active,1,0,243,473,s1.basket,7715,0,69,train,1,38
EV stuck,8730,93,train,3,1,35,0,0,active,1,0,229,467,s1.basket,7728,0,8,train,1,39
EV stuck,8730,14,train,4,1,34,0,0,active,1,0,226,468,s1.basket,7731,0,11,train,1,34
EV stuck,8730,67,train,2,1,34,0,0,active,1,0,230,468,s1.basket,7727,0,13,train,1,34
EV stuck,8760,181,train,0,1,15,0,0,active,1,0,274,488,s1.basket,7684,0,3,train,1,38272
EV stuck,8760,202,train,0,1,16,0,0,active,1,0,274,488,s1.basket,7684,0,3,train,1,38272
EV stuck,8760,10,train,2,1,38,0,0,active,1,0,225,466,s1.basket,7732,0,8,train,1,39
EV stuck,8790,68,train,0,1,34,0,0,active,1,0,230,469,s1.basket,7727,0,1,train,1,34
EV stuck,8790,60,train,0,1,37,0,0,active,1,0,222,462,s1.basket,7735,0,8,train,1,39
EV stuck,8790,74,train,0,1,7,0,0,active,1,0,227,465,s1.basket,7730,0,11,train,1,34
EV stuck,8790,76,train,1,1,7,0,0,active,1,1,226,465,s1.basket,7731,0,11,train,1,34
EV stuck,8790,77,train,1,1,7,0,0,active,1,1,227,466,s1.basket,7730,0,11,train,1,34
EV stuck,8790,78,train,2,1,7,0,0,active,1,1,226,465,s1.basket,7731,0,11,train,1,34
EV stuck,8790,80,train,2,1,7,0,0,active,1,1,225,464,s1.basket,7732,0,11,train,1,34
EV stuck,8790,72,train,1,1,10,0,0,active,1,1,226,465,s1.basket,7731,0,12,train,1,10
EV stuck,8790,79,train,2,1,7,0,0,active,1,1,225,464,s1.basket,7732,0,12,train,1,10
EV stuck,8790,81,train,2,1,7,0,0,active,1,0,226,464,s1.basket,7731,0,12,train,1,10
EV stuck,8790,156,train,1,1,7,0,0,active,1,1,226,464,s1.basket,7731,0,12,train,1,10
EV stuck,8820,75,train,0,1,16,0,0,active,1,0,202,452,s1.basket,7754,0,11,train,1,34
EV stuck,8820,204,train,0,1,15,0,0,active,1,1,201,452,s1.basket,7755,0,11,train,1,34
EV stuck,8820,69,train,1,1,38,0,0,active,1,1,202,451,s1.basket,7754,0,12,train,1,18
EV stuck,8820,71,train,0,1,15,0,0,active,1,1,201,451,s1.basket,7755,0,70,train,1,15
EV stuck,8850,67,train,2,1,17,0,0,active,1,1,199,454,s1.basket,7758,0,11,train,1,34
EV stuck,8850,14,train,4,1,15,0,0,active,1,1,199,455,s1.basket,7757,0,12,train,1,18
EV stuck,8850,70,train,2,1,15,0,0,active,1,0,197,456,s1.basket,7759,0,12,train,1,18
EV stuck,8850,93,train,3,1,16,0,0,active,1,1,198,456,s1.basket,7759,0,12,train,1,18
EV stuck,8880,11,train,3,1,34,0,0,active,1,0,181,469,s1.basket,7776,0,8,train,1,39
EV stuck,8880,12,train,0,1,18,0,0,active,1,1,179,470,s1.basket,7778,0,8,train,1,39
EV stuck,8880,181,train,0,1,16,0,0,active,1,1,181,470,s1.basket,7776,0,8,train,1,39
EV stuck,8880,202,train,0,1,16,0,0,active,1,1,181,471,s1.basket,7776,0,73,train,1,15
EV stuck,8910,9,train,2,1,38262,0,1,active,1,0,264,505,s1.basket,7695,0,4,train,1,38269
EV stuck,8910,81,train,2,1,0,0,1,active,1,0,264,505,s1.basket,7695,0,4,train,1,38269
EV stuck,8910,60,train,0,1,18,0,0,active,1,1,174,477,s1.basket,7784,0,8,train,1,39
EV stuck,8910,73,train,2,1,15,0,0,active,1,1,175,476,s1.basket,7783,0,8,train,1,39
EV stuck,8910,13,train,3,1,34,0,0,active,1,1,174,477,s1.basket,7784,0,10,train,1,15
EV stuck,8910,68,train,0,1,14,0,0,active,1,1,174,477,s1.basket,7783,0,10,train,1,15
EV stuck,8910,72,train,1,1,15,0,0,active,1,1,174,477,s1.basket,7783,0,10,train,1,15
EV stuck,8910,78,train,2,1,31,0,0,active,1,0,279,471,s1.basket,7679,0,76,train,1,31
EV stuck,8910,79,train,2,1,31,0,0,active,1,0,279,471,s1.basket,7679,0,76,train,1,31
EV stuck,8940,71,train,0,1,8,0,0,active,1,0,232,474,s1.basket,7726,0,69,train,1,9
EV stuck,8940,75,train,0,1,7,0,0,active,1,1,232,473,s1.basket,7726,0,69,train,1,9
EV stuck,8940,80,train,2,1,7,0,0,active,1,0,232,473,s1.basket,7725,0,69,train,1,9
EV stuck,8940,204,train,0,1,7,0,0,active,1,1,232,474,s1.basket,7725,0,69,train,1,9
EV stuck,8970,67,train,2,1,8,0,0,active,1,0,219,456,s1.basket,7738,0,14,train,1,8
EV stuck,8970,69,train,1,1,9,0,0,active,1,0,221,455,s1.basket,7735,0,14,train,1,8
EV stuck,8970,93,train,3,1,7,0,0,active,1,0,221,455,s1.basket,7735,0,14,train,1,8
EV stuck,9000,10,train,2,1,15,0,0,active,1,1,165,478,s1.basket,7793,0,8,train,1,39
EV stuck,9000,14,train,4,1,8,0,0,active,1,0,208,465,s1.basket,7749,0,11,train,1,5
EV stuck,9000,181,train,0,1,6,0,0,active,1,0,210,462,s1.basket,7747,0,11,train,1,5
EV stuck,9000,202,train,0,1,5,0,0,active,1,0,209,462,s1.basket,7747,0,11,train,1,5
EV stuck,9030,11,train,3,1,5,0,0,active,1,0,191,473,s1.basket,7767,0,9,train,1,6
EV stuck,9030,60,train,0,1,4,0,0,active,1,1,193,474,s1.basket,7765,0,9,train,1,6
EV stuck,9030,68,train,0,1,8,0,0,active,1,0,192,474,s1.basket,7765,0,9,train,1,6
EV stuck,9030,72,train,1,1,5,0,0,active,1,1,191,472,s1.basket,7767,0,9,train,1,6
EV stuck,9030,73,train,2,1,4,0,0,active,1,0,190,471,s1.basket,7767,0,13,train,1,3
EV stuck,9030,79,train,2,1,5,0,0,active,1,1,191,473,s1.basket,7767,0,13,train,1,3
EV stuck,9030,81,train,2,1,5,0,0,active,1,0,191,473,s1.basket,7766,0,13,train,1,3
EV stuck,9060,71,train,0,1,5,0,0,active,1,1,182,476,s1.basket,7776,0,9,train,1,6
EV stuck,9060,75,train,0,1,5,0,0,active,1,1,183,476,s1.basket,7775,0,9,train,1,6
EV stuck,9060,204,train,0,1,5,0,0,active,1,0,181,476,s1.basket,7777,0,9,train,1,6
EV stuck,9060,80,train,2,1,5,0,0,active,1,1,181,476,s1.basket,7777,0,13,train,1,3
EV stuck,9090,67,train,2,1,9,0,0,active,1,0,238,472,s1.basket,7719,0,4,train,1,6
EV stuck,9090,93,train,3,1,9,0,0,active,1,1,240,473,s1.basket,7717,0,4,train,1,6
EV stuck,9090,13,train,3,1,3,0,0,active,1,0,189,479,s1.basket,7769,0,9,train,1,6
EV stuck,9120,10,train,2,1,8,0,0,active,1,0,230,473,s1.basket,7727,0,4,train,1,6
EV stuck,9120,181,train,0,1,7,0,0,active,1,1,230,471,s1.basket,7728,0,4,train,1,6
EV stuck,9120,202,train,0,1,6,0,0,active,1,1,230,473,s1.basket,7728,0,4,train,1,6
EV stuck,9120,12,train,0,1,4,0,0,active,1,1,176,479,s1.basket,7782,0,9,train,1,6
EV stuck,9120,69,train,1,1,9,0,0,active,1,0,228,472,s1.basket,7729,0,14,train,1,7
EV stuck,9120,162,train,4,1,38265,0,1,active,1,0,273,496,s1.basket,7686,0,15,train,1,38266
EV stuck,9150,73,train,2,1,5,0,0,active,1,1,229,474,s1.basket,7728,0,4,train,1,6
EV stuck,9150,79,train,2,1,5,0,0,active,1,1,232,472,s1.basket,7726,0,4,train,1,6
EV stuck,9150,81,train,2,1,5,0,0,active,1,1,232,472,s1.basket,7726,0,4,train,1,6
EV stuck,9150,14,train,4,1,7,0,0,active,1,1,228,474,s1.basket,7729,0,11,train,1,5
EV stuck,9150,72,train,1,1,8,0,0,active,1,1,232,471,s1.basket,7725,0,11,train,1,5
EV stuck,9180,71,train,0,1,9,0,0,active,1,0,247,476,s1.basket,7711,0,4,train,1,9
EV stuck,9180,75,train,0,1,8,0,0,active,1,1,248,475,s1.basket,7710,0,4,train,1,9
EV stuck,9180,80,train,2,1,8,0,0,active,1,0,248,474,s1.basket,7710,0,4,train,1,9
EV stuck,9180,204,train,0,1,8,0,0,active,1,1,249,476,s1.basket,7709,0,4,train,1,9
EV stuck,9210,13,train,3,1,6,0,0,active,1,1,214,465,s1.basket,7743,0,4,train,1,9
EV stuck,9210,93,train,3,1,8,0,0,active,1,1,214,468,s1.basket,7743,0,4,train,1,9
EV stuck,9210,67,train,2,1,9,0,0,active,1,0,214,464,s1.basket,7743,0,60,train,1,9
EV stuck,9240,12,train,0,1,9,0,0,active,1,0,213,471,s1.basket,7745,0,4,train,1,9
EV stuck,9240,162,train,4,1,8,0,0,active,1,1,211,469,s1.basket,7746,0,4,train,1,9
EV stuck,9240,181,train,0,1,8,0,0,active,1,1,212,469,s1.basket,7745,0,4,train,1,9
EV stuck,9240,202,train,0,1,8,0,0,active,1,1,212,469,s1.basket,7745,0,4,train,1,9
EV stuck,9240,11,train,3,1,8,0,0,active,1,0,214,469,s1.basket,7743,0,10,train,1,9
EV stuck,9240,60,train,0,1,9,0,0,active,1,0,210,468,s1.basket,7748,0,10,train,1,9
EV stuck,9240,68,train,0,1,7,0,0,active,1,0,210,466,s1.basket,7747,0,10,train,1,9
EV stuck,9240,69,train,1,1,12,0,0,active,1,0,210,468,s1.basket,7748,0,10,train,1,9
EV stuck,9240,132,train,4,1,38253,0,1,active,1,0,270,511,s1.basket,7691,0,19,train,1,38253
EV stuck,9270,10,train,2,1,9,0,0,active,1,1,179,466,s1.basket,7778,0,4,train,1,9
EV stuck,9270,79,train,2,1,8,0,0,active,1,1,180,465,s1.basket,7777,0,4,train,1,9
EV stuck,9270,81,train,2,1,9,0,0,active,1,1,180,466,s1.basket,7777,0,4,train,1,9
EV stuck,9270,72,train,1,1,9,0,0,active,1,1,180,467,s1.basket,7777,0,14,train,1,11
EV stuck,9270,73,train,2,1,8,0,0,active,1,1,178,462,s1.basket,7778,0,14,train,1,11
EV stuck,9300,71,train,0,1,3,0,0,active,1,1,170,479,s1.basket,7788,0,4,train,1,9
EV stuck,9300,75,train,0,1,3,0,0,active,1,1,170,479,s1.basket,7788,0,4,train,1,9
EV stuck,9300,80,train,2,1,2,0,0,active,1,1,170,479,s1.basket,7788,0,4,train,1,9
EV stuck,9300,204,train,0,1,3,0,0,active,1,1,170,478,s1.basket,7788,0,4,train,1,9
EV stuck,9300,171,train,2,1,38230,0,1,active,1,0,280,531,s1.basket,7681,0,130,train,1,38230
EV stuck,9330,16,train,4,1,44,1,0,active,1,0,194,441,s1.basket,7762,0,13,train,1,44
EV stuck,9330,67,train,2,1,44,0,0,active,1,0,194,441,s1.basket,7762,0,13,train,1,44
EV stuck,9360,12,train,0,1,36,0,0,active,1,0,265,451,s1.basket,7691,0,11,train,1,34
EV stuck,9360,18,train,0,1,32,1,0,active,1,0,262,452,s1.basket,7694,0,11,train,1,34
EV stuck,9360,60,train,0,1,36,0,0,active,1,0,265,449,s1.basket,7691,0,11,train,1,34
EV stuck,9360,68,train,0,1,33,0,0,active,1,0,264,451,s1.basket,7693,0,11,train,1,34
EV stuck,9360,69,train,1,1,34,0,0,active,1,0,263,450,s1.basket,7693,0,11,train,1,34
EV stuck,9360,132,train,4,1,33,0,0,active,1,0,265,452,s1.basket,7691,0,11,train,1,34
EV stuck,9360,160,train,0,1,33,1,0,active,1,0,266,452,s1.basket,7691,0,11,train,1,34
EV stuck,9360,162,train,4,1,34,0,0,active,1,0,265,451,s1.basket,7691,0,11,train,1,34
EV stuck,9360,181,train,0,1,34,0,0,active,1,1,265,451,s1.basket,7691,0,11,train,1,34
EV stuck,9360,202,train,0,1,34,0,0,active,1,1,266,452,s1.basket,7691,0,11,train,1,34
EV stuck,9390,14,train,4,1,11,0,0,active,1,1,161,477,s1.basket,7796,0,4,train,1,9
EV stuck,9390,73,train,2,1,54,0,0,active,1,0,260,438,s1.basket,7695,0,11,train,1,53
EV stuck,9390,81,train,2,1,53,0,0,active,1,1,261,437,s1.basket,7694,0,11,train,1,53
EV stuck,9390,169,train,1,1,38252,0,1,active,1,0,269,512,s1.basket,7691,0,20,train,1,38252
EV stuck,9390,79,train,2,1,53,0,0,active,1,1,261,435,s1.basket,7694,0,72,train,1,55
EV stuck,9420,75,train,0,1,55,0,0,active,1,0,271,430,s1.basket,7684,0,11,train,1,57
EV stuck,9420,80,train,2,1,55,0,0,active,1,0,271,430,s1.basket,7684,0,11,train,1,57
EV stuck,9420,171,train,2,1,56,0,0,active,1,1,271,429,s1.basket,7684,0,11,train,1,57
EV stuck,9420,204,train,0,1,56,0,0,active,1,0,271,429,s1.basket,7684,0,11,train,1,57
EV stuck,9420,130,train,4,1,4,1,0,active,1,0,236,467,s1.basket,7721,0,19,train,1,5
EV stuck,9420,22,train,0,1,38241,0,1,active,1,0,275,521,s1.basket,7686,0,21,train,1,38241
EV stuck,9450,16,train,4,1,60,0,0,active,1,0,273,425,s1.basket,7681,0,11,train,1,60
EV stuck,9450,67,train,2,1,60,0,0,active,1,0,274,425,s1.basket,7681,0,11,train,1,60
EV stuck,9450,25,train,4,1,38230,0,1,active,1,0,280,531,s1.basket,7682,0,24,train,1,38230
EV stuck,9480,12,train,0,1,0,0,0,active,1,0,179,473,s1.basket,7778,0,10,train,1,0
EV stuck,9480,18,train,0,1,0,0,0,active,1,1,178,477,s1.basket,7780,0,10,train,1,0
EV stuck,9480,60,train,0,1,0,0,0,active,1,1,180,475,s1.basket,7777,0,10,train,1,0
EV stuck,9480,68,train,0,1,0,0,0,active,1,1,179,473,s1.basket,7779,0,10,train,1,0
EV stuck,9480,69,train,1,1,0,0,0,active,1,1,179,476,s1.basket,7779,0,10,train,1,0
EV stuck,9480,132,train,4,1,0,0,0,active,1,1,178,476,s1.basket,7780,0,10,train,1,0
EV stuck,9480,160,train,0,1,0,0,0,active,1,1,178,477,s1.basket,7780,0,10,train,1,0
EV stuck,9480,162,train,4,1,0,0,0,active,1,1,178,476,s1.basket,7780,0,10,train,1,0
EV stuck,9480,181,train,0,1,0,0,0,active,1,1,178,476,s1.basket,7780,0,10,train,1,0
EV stuck,9480,202,train,0,1,0,0,0,active,1,1,178,476,s1.basket,7779,0,10,train,1,0
EV stuck,9480,72,train,1,1,66,0,0,active,1,0,277,427,s1.basket,7678,0,11,train,1,66
EV stuck,9510,19,train,3,1,8,1,0,active,1,0,232,459,s1.basket,7725,0,14,train,1,10
EV stuck,9510,73,train,2,1,6,0,0,active,1,1,229,459,s1.basket,7727,0,14,train,1,10
EV stuck,9510,79,train,2,1,7,0,0,active,1,1,228,459,s1.basket,7729,0,14,train,1,10
EV stuck,9510,81,train,2,1,6,0,0,active,1,1,230,459,s1.basket,7727,0,14,train,1,10
EV stuck,9510,169,train,1,1,6,0,0,active,1,0,230,459,s1.basket,7727,0,14,train,1,10
EV stuck,9510,206,train,4,1,38205,0,1,active,1,0,315,540,s1.basket,7647,0,23,train,1,38205
EV stuck,9540,71,train,0,1,76,0,0,active,1,0,274,390,s1.basket,7679,0,11,train,1,76
EV stuck,9540,80,train,2,1,11,0,0,active,1,1,225,459,s1.basket,7731,0,14,train,1,14
EV stuck,9540,171,train,2,1,13,0,0,active,1,1,225,459,s1.basket,7731,0,14,train,1,14
EV stuck,9540,204,train,0,1,12,0,0,active,1,1,226,460,s1.basket,7730,0,14,train,1,14
EV stuck,9540,130,train,4,1,12,0,0,active,1,1,225,459,s1.basket,7731,0,22,train,1,14
EV stuck,9570,25,train,4,1,10,0,0,active,1,0,216,476,s1.basket,7741,0,22,train,1,14
EV stuck,9570,67,train,2,1,14,0,0,active,1,0,219,473,s1.basket,7738,0,22,train,1,14
EV stuck,9570,128,train,3,1,38252,0,1,active,1,0,270,512,s1.basket,7690,0,28,train,1,38251
EV stuck,9570,193,train,4,1,38214,0,1,active,1,0,287,546,s1.basket,7676,0,30,train,1,38213
EV stuck,9600,18,train,0,1,16,0,0,active,1,1,211,477,s1.basket,7747,0,14,train,1,14
EV stuck,9600,60,train,0,1,14,0,0,active,1,1,205,474,s1.basket,7752,0,14,train,1,14
EV stuck,9600,68,train,0,1,13,0,0,active,1,1,201,472,s1.basket,7757,0,14,train,1,14
EV stuck,9600,72,train,1,1,12,0,0,active,1,0,206,475,s1.basket,7752,0,14,train,1,14
EV stuck,9600,75,train,0,1,12,0,0,active,1,1,204,474,s1.basket,7754,0,14,train,1,14
EV stuck,9600,160,train,0,1,12,0,0,active,1,1,204,474,s1.basket,7754,0,14,train,1,14
EV stuck,9600,181,train,0,1,12,0,0,active,1,1,204,474,s1.basket,7753,0,14,train,1,14
EV stuck,9600,202,train,0,1,11,0,0,active,1,1,204,474,s1.basket,7754,0,14,train,1,14
EV stuck,9600,132,train,4,1,12,0,0,active,1,1,204,475,s1.basket,7754,0,22,train,1,14
EV stuck,9600,162,train,4,1,11,0,0,active,1,1,204,474,s1.basket,7754,0,22,train,1,14
EV stuck,9600,30,train,0,1,38226,0,1,active,1,0,280,536,s1.basket,7681,0,29,train,1,38226
EV stuck,9630,69,train,1,1,12,0,0,active,1,1,175,472,s1.basket,7782,0,12,train,1,13
EV stuck,9630,19,train,3,1,15,0,0,active,1,1,175,472,s1.basket,7783,0,14,train,1,14
EV stuck,9630,73,train,2,1,11,0,0,active,1,1,173,470,s1.basket,7784,0,14,train,1,14
EV stuck,9630,79,train,2,1,12,0,0,active,1,1,175,469,s1.basket,7783,0,14,train,1,14
EV stuck,9630,81,train,2,1,13,0,0,active,1,1,174,470,s1.basket,7783,0,14,train,1,14
EV stuck,9630,169,train,1,1,12,0,0,active,1,0,173,470,s1.basket,7784,0,14,train,1,14
EV stuck,9630,206,train,4,1,12,0,0,active,1,0,173,470,s1.basket,7784,0,22,train,1,14
EV stuck,9660,14,train,4,1,14,0,0,active,1,1,166,479,s1.basket,7792,0,12,train,1,13
EV stuck,9660,28,train,1,1,38275,0,1,active,1,0,263,489,s1.basket,7696,0,24,train,1,38276
EV stuck,9660,92,train,3,1,38222,0,1,active,1,0,283,538,s1.basket,7679,0,31,train,1,38222
EV stuck,9660,80,train,2,1,83,0,0,active,1,0,294,427,s1.basket,7661,0,71,train,1,83
EV stuck,9660,130,train,4,1,83,0,0,active,1,0,294,427,s1.basket,7661,0,71,train,1,83
EV stuck,9660,171,train,2,1,83,0,0,active,1,0,294,427,s1.basket,7661,0,71,train,1,83
EV stuck,9690,25,train,4,1,0,0,0,active,1,1,150,462,s1.basket,7807,0,12,train,1,13
EV stuck,9690,128,train,3,1,14,0,0,active,1,1,198,473,s1.basket,7759,0,67,train,1,14
EV stuck,9720,16,train,4,1,12,0,0,active,1,1,159,460,s1.basket,7797,0,12,train,1,13
EV stuck,9720,132,train,4,1,9,0,0,active,1,1,207,468,s1.basket,7750,0,30,train,1,11
EV stuck,9720,162,train,4,1,9,0,0,active,1,1,208,468,s1.basket,7749,0,30,train,1,11
EV stuck,9720,193,train,4,1,14,0,0,active,1,1,208,468,s1.basket,7749,0,30,train,1,11
EV stuck,9720,167,train,0,1,38216,0,1,active,1,0,286,544,s1.basket,7677,0,33,train,1,38215
EV stuck,9720,67,train,2,1,14,0,0,active,1,1,209,466,s1.basket,7748,0,60,train,1,8
EV stuck,9720,72,train,1,1,10,0,0,active,1,1,207,468,s1.basket,7750,0,60,train,1,8
EV stuck,9750,30,train,0,1,11,0,0,active,1,0,188,475,s1.basket,7770,0,19,train,1,0
EV stuck,9750,27,train,3,1,38275,0,1,active,1,0,282,479,s1.basket,7676,0,23,train,1,23
EV stuck,9750,69,train,1,1,0,0,0,active,1,1,186,472,s1.basket,7771,0,60,train,1,8
EV stuck,9750,73,train,2,1,0,0,0,active,1,1,182,474,s1.basket,7775,0,60,train,1,8
EV stuck,9750,79,train,2,1,0,0,0,active,1,1,185,476,s1.basket,7772,0,60,train,1,8
EV stuck,9750,81,train,2,1,0,0,0,active,1,1,185,475,s1.basket,7772,0,60,train,1,8
EV stuck,9750,169,train,1,1,0,0,0,active,1,1,185,475,s1.basket,7772,0,60,train,1,8
EV stuck,9750,206,train,4,1,0,0,0,active,1,1,185,474,s1.basket,7773,0,60,train,1,8
EV stuck,9780,24,train,2,1,62,1,0,active,1,0,280,431,s1.basket,7675,0,14,train,1,61
EV stuck,9780,28,train,1,1,59,0,0,active,1,0,281,431,s1.basket,7674,0,14,train,1,61
EV stuck,9780,80,train,2,1,60,0,0,active,1,1,282,431,s1.basket,7674,0,14,train,1,61
EV stuck,9780,92,train,3,1,60,0,0,active,1,1,280,430,s1.basket,7675,0,14,train,1,61
EV stuck,9780,171,train,2,1,60,0,0,active,1,1,280,430,s1.basket,7675,0,14,train,1,61
EV stuck,9780,60,train,0,1,8,0,0,active,1,1,177,475,s1.basket,7780,0,19,train,1,0
EV stuck,9780,75,train,0,1,10,0,0,active,1,1,178,476,s1.basket,7780,0,19,train,1,0
EV stuck,9780,160,train,0,1,9,0,0,active,1,1,177,475,s1.basket,7780,0,19,train,1,0
EV stuck,9780,181,train,0,1,9,0,0,active,1,1,178,475,s1.basket,7780,0,19,train,1,0
EV stuck,9780,202,train,0,1,9,0,0,active,1,1,177,475,s1.basket,7780,0,19,train,1,0
EV stuck,9780,31,train,4,1,8,1,0,active,1,0,236,462,s1.basket,7721,0,29,train,1,8
EV stuck,9780,91,train,3,1,38194,0,1,active,1,0,296,564,s1.basket,7668,0,34,train,1,38192
EV stuck,9780,208,train,3,1,38243,0,1,active,1,0,296,507,s1.basket,7664,0,201,train,1,204
EV stuck,9810,68,train,0,1,12,0,0,active,1,1,173,482,s1.basket,7785,0,19,train,1,0
EV stuck,9810,128,train,3,1,17,0,0,active,1,1,211,452,s1.basket,7745,0,25,train,1,33
EV stuck,9840,72,train,1,1,14,0,0,active,1,1,203,456,s1.basket,7754,0,16,train,1,16
EV stuck,9840,167,train,0,1,17,0,0,active,1,0,204,453,s1.basket,7752,0,16,train,1,16
EV stuck,9840,67,train,2,1,15,0,0,active,1,1,203,455,s1.basket,7753,0,25,train,1,33
EV stuck,9840,132,train,4,1,17,0,0,active,1,1,204,453,s1.basket,7752,0,29,train,1,17
EV stuck,9840,162,train,4,1,18,0,0,active,1,1,204,452,s1.basket,7752,0,29,train,1,17
EV stuck,9840,193,train,4,1,17,0,0,active,1,1,205,454,s1.basket,7752,0,29,train,1,17
EV stuck,9840,125,train,1,1,38239,0,1,active,1,0,277,522,s1.basket,7684,0,33,train,1,38239
EV stuck,9870,27,train,3,1,17,0,0,active,1,0,188,444,s1.basket,7768,0,16,train,1,16
EV stuck,9870,81,train,2,1,16,0,0,active,1,1,186,445,s1.basket,7769,0,16,train,1,16
EV stuck,9870,169,train,1,1,17,0,0,active,1,1,187,445,s1.basket,7769,0,16,train,1,16
EV stuck,9870,30,train,0,1,16,0,0,active,1,1,189,446,s1.basket,7766,0,25,train,1,33
EV stuck,9870,69,train,1,1,17,0,0,active,1,1,185,444,s1.basket,7770,0,25,train,1,33
EV stuck,9870,73,train,2,1,15,0,0,active,1,1,186,443,s1.basket,7770,0,25,train,1,33
EV stuck,9870,206,train,4,1,17,0,0,active,1,1,187,445,s1.basket,7769,0,29,train,1,17
EV stuck,9870,207,train,2,1,38191,0,1,active,1,0,298,563,s1.basket,7665,0,35,train,1,38191
EV stuck,9900,29,train,2,1,17,1,0,active,1,1,165,429,s1.basket,7790,0,16,train,1,16
EV stuck,9900,19,train,3,1,0,0,0,active,1,1,153,477,s1.basket,7805,0,18,train,1,10
EV stuck,9900,28,train,1,1,9,0,0,active,1,1,200,471,s1.basket,7757,0,24,train,1,8
EV stuck,9900,31,train,4,1,7,0,0,active,1,1,212,463,s1.basket,7745,0,24,train,1,8
EV stuck,9900,75,train,0,1,9,0,0,active,1,1,205,469,s1.basket,7753,0,24,train,1,8
EV stuck,9900,91,train,3,1,9,0,0,active,1,1,204,468,s1.basket,7753,0,24,train,1,8
EV stuck,9900,92,train,3,1,6,0,0,active,1,1,205,466,s1.basket,7752,0,24,train,1,8
EV stuck,9900,160,train,0,1,8,0,0,active,1,1,205,467,s1.basket,7752,0,24,train,1,8
EV stuck,9900,181,train,0,1,7,0,0,active,1,1,203,467,s1.basket,7754,0,24,train,1,8
EV stuck,9900,202,train,0,1,6,0,0,active,1,1,203,467,s1.basket,7754,0,24,train,1,8
EV stuck,9900,208,train,3,1,7,0,0,active,1,0,203,468,s1.basket,7754,0,24,train,1,8
EV stuck,9900,33,train,4,1,14,1,0,active,1,0,254,468,s1.basket,7703,0,32,train,1,14
EV stuck,9900,41,train,1,1,38188,0,1,active,1,0,299,567,s1.basket,7665,0,40,train,1,38188
EV stuck,9930,128,train,3,1,9,0,0,active,1,1,196,468,s1.basket,7761,0,68,train,1,8
EV stuck,9930,171,train,2,1,7,0,0,active,1,1,195,470,s1.basket,7762,0,68,train,1,8
EV stuck,9960,60,train,0,1,19,0,0,active,1,1,172,415,s1.basket,7782,0,16,train,1,16
EV stuck,9960,79,train,2,1,16,0,0,active,1,1,172,415,s1.basket,7782,0,16,train,1,16
EV stuck,9960,36,train,1,1,38251,0,1,active,1,0,273,511,s1.basket,7687,0,35,train,1,38252
EV stuck,9960,42,train,2,1,38173,0,1,active,1,0,311,576,s1.basket,7654,0,43,train,2,38173
EV stuck,9960,132,train,4,1,7,0,0,active,1,1,180,474,s1.basket,7778,0,68,train,1,8
EV stuck,9960,162,train,4,1,6,0,0,active,1,1,180,474,s1.basket,7778,0,68,train,1,8
EV stuck,9960,193,train,4,1,6,0,0,active,1,1,180,473,s1.basket,7778,0,68,train,1,8
EV stuck,9960,80,train,2,1,11,0,0,active,1,1,179,475,s1.basket,7779,0,72,train,1,5
EV stuck,9960,167,train,0,1,6,0,0,active,1,1,180,473,s1.basket,7777,0,72,train,1,5
EV stuck,9990,67,train,2,1,10,0,0,active,1,1,181,474,s1.basket,7777,0,27,train,1,6
EV stuck,9990,81,train,2,1,2,0,0,active,1,1,184,476,s1.basket,7774,0,27,train,1,6
EV stuck,9990,169,train,1,1,2,0,0,active,1,1,183,476,s1.basket,7774,0,27,train,1,6
EV stuck,9990,125,train,1,1,8,0,0,active,1,1,183,476,s1.basket,7774,0,30,train,1,2
EV stuck,9990,206,train,4,1,2,0,0,active,1,1,184,476,s1.basket,7774,0,30,train,1,2
EV stuck,9990,207,train,2,1,2,0,0,active,1,0,184,476,s1.basket,7773,0,30,train,1,2
EV stuck,9990,69,train,1,1,4,0,0,active,1,1,183,475,s1.basket,7775,0,68,train,1,8
EV stuck,9990,73,train,2,1,3,0,0,active,1,1,183,476,s1.basket,7774,0,68,train,1,8
STATE tick=10000 hash=acdb7f22bb4ae4eb3147122741b20b7de09c410c565104d1cf26b0199fd3e471
