Godot Engine v4.7.2.stable.official.ed1daf0bf - https://godotengine.org

Slime Train booted (Godot 4.7.2-stable (official)).
THRU fixture=s3-basket-59of60 seed=2 tick0=0 slimes=200 loop_len=38297
THRU_HDR win_end,x19,x22,stall,oob,stuck,hops,sim_train,all_train,bowl_n,back_mean,back_adv
THRU_WIN 600,0,0,0,0,0,136,32,140,138,16309,1
THRU_WIN 1200,3,0,0,0,0,145,35,145,135,16294,0
THRU_WIN 1800,6,2,0,0,0,136,34,148,131,16278,0
THRU_WIN 2400,5,5,0,0,0,119,31,150,127,16263,0
THRU_WIN 3000,6,6,0,0,2,104,22,153,122,16248,0
THRU_WIN 3600,6,6,0,0,0,64,16,156,119,16232,0
THRU_WIN 4200,5,7,64,0,0,60,22,158,6,17761,0
THRU_WIN 4800,10,4,0,0,0,37,6,162,2,17842,185
THRU_WIN 5400,11,12,0,0,0,0,6,168,0,0,667
THRU_WIN 6000,12,11,0,0,0,0,6,176,0,0,0
THRU_WIN 6600,13,12,0,0,0,0,6,189,0,0,0
THRU_WIN 7200,13,13,0,0,0,0,6,200,0,0,0
THRU_WIN 7800,0,12,21,0,0,24,34,200,0,0,0
THRU_WIN 8400,0,0,1,0,0,156,53,199,0,0,0
THRU_WIN 9000,0,0,0,0,55,189,80,198,0,0,0
THRU_WIN 9600,0,0,0,0,65,196,112,197,0,0,0
THRU_WIN 10000,0,0,0,0,50,131,120,197,0,0,0
THRU_TOT tick=10000 x19=90 x22=90 stall=86 oob=0 stuck=172 hops=1497 guard=0 first_stall=3600
THRU_HIST 0k:95(p3) 2k:18(p18) 4k:35(p35) 6k:16(p16) 8k:1(p1) 34k:2(p2) 36k:13(p2) 38k:17(p0)
STATE tick=10000 hash=37740e9f9a16dbc724d5ca1951a336025ffb45c173b3fbc85615c5cc34cd1297
