Godot Engine v4.7.2.stable.official.ed1daf0bf - https://godotengine.org

Slime Train booted (Godot 4.7.2-stable (official)).
LOOP_BUCKETS on length=300.0
THRU fixture=s3-basket-59of60 seed=1 tick0=0 slimes=200 loop_len=38297
THRU_HDR win_end,x19,x22,stall,oob,stuck,hops,sim_train,all_train,bowl_n,back_mean,back_adv
THRU_WIN 600,0,0,0,0,0,134,30,140,138,16309,1
THRU_WIN 1200,3,0,0,0,0,132,32,142,134,16294,0
THRU_WIN 1800,5,1,0,0,0,126,32,144,131,16278,0
THRU_WIN 2400,6,5,0,0,0,118,30,147,126,16263,0
THRU_WIN 3000,3,7,0,0,0,91,18,149,123,16248,0
THRU_WIN 3600,6,4,0,0,0,57,15,152,119,16232,0
THRU_WIN 4200,6,4,64,0,1,69,16,154,6,17697,0
THRU_WIN 4800,13,9,0,0,0,15,6,162,0,0,420
THRU_WIN 5400,12,13,0,0,0,0,6,168,0,0,0
THRU_WIN 6000,12,12,0,0,0,0,6,177,0,0,0
THRU_WIN 6600,14,12,0,0,0,0,6,191,0,0,0
THRU_WIN 7200,6,13,0,0,0,0,6,195,0,0,0
THRU_WIN 7800,0,6,22,0,0,52,46,194,0,0,0
THRU_WIN 8400,0,0,1,0,1,159,64,194,0,0,0
THRU_WIN 9000,0,0,0,0,93,204,93,195,0,0,0
THRU_WIN 9600,0,0,0,0,107,190,123,195,0,0,0
THRU_WIN 10000,0,0,0,0,103,119,126,194,0,0,0
THRU_TOT tick=10000 x19=86 x22=86 stall=87 oob=0 stuck=305 hops=1466 guard=0 first_stall=3600
THRU_HIST 0k:102(p2) 2k:20(p20) 4k:31(p31) 6k:15(p15) 36k:7(p0) 38k:19(p0)
STATE tick=10000 hash=acdb7f22bb4ae4eb3147122741b20b7de09c410c565104d1cf26b0199fd3e471
