Godot Engine v4.7.2.stable.official.ed1daf0bf - https://godotengine.org

Slime Train booted (Godot 4.7.2-stable (official)).
LOOP_BUCKETS on length=150.0
THRU fixture=stress-moving seed=2 tick0=0 slimes=200 loop_len=38297
THRU_HDR win_end,x19,x22,stall,oob,stuck,hops,sim_train,all_train,bowl_n,back_mean,back_adv
THRU_WIN 600,0,0,0,0,0,108,146,146,144,16248,21
THRU_WIN 1200,0,0,0,0,0,102,133,135,130,16253,8
THRU_WIN 1800,2,0,0,0,0,163,128,134,126,16241,5
THRU_WIN 2400,4,1,0,0,0,208,129,133,121,16230,14
THRU_WIN 3000,2,4,0,0,0,144,125,133,117,16215,1
THRU_WIN 3600,5,3,0,0,0,155,120,131,113,16201,3
THRU_WIN 4200,3,5,29,0,0,221,87,137,79,16436,105
THRU_WIN 4800,2,3,0,0,0,210,81,135,74,16504,69
THRU_WIN 5400,4,2,1,0,0,208,74,134,68,16555,50
THRU_WIN 6000,1,3,0,0,0,137,71,132,64,16560,31
THRU_WIN 6600,3,2,0,0,0,193,66,136,63,16591,42
THRU_WIN 7200,2,2,0,0,0,157,67,138,62,16620,36
THRU_WIN 7800,1,2,2,0,0,141,62,141,57,16639,17
THRU_WIN 8400,2,1,0,0,0,159,59,141,52,16648,19
THRU_WIN 9000,2,2,3,0,0,168,52,145,47,16698,24
THRU_WIN 9600,3,1,0,0,0,148,52,146,46,16734,36
THRU_WIN 10000,0,3,0,0,0,99,50,149,44,16737,18
THRU_TOT tick=10000 x19=36 x22=34 stall=35 oob=0 stuck=0 hops=2721 guard=0 first_stall=3600
THRU_HIST 0k:17(p17) 2k:21(p21) 4k:20(p20) 6k:30(p30) 8k:1(p1) 16k:44(p0) 18k:3(p0) 20k:2(p0) 22k:3(p2) 26k:2(p2) 28k:1(p1) 34k:1(p1) 36k:1(p1) 38k:3(p3)
STATE tick=10000 hash=5cd2f1c43b8643a2470c8a1ed17abf14ef2b8543c7afc457f9b7f4b988b97391
