Godot Engine v4.7.2.stable.official.ed1daf0bf - https://godotengine.org

Slime Train booted (Godot 4.7.2-stable (official)).
LOOP_BUCKETS on length=150.0
THRU fixture=stress-moving seed=1 tick0=0 slimes=200 loop_len=38297
THRU_HDR win_end,x19,x22,stall,oob,stuck,hops,sim_train,all_train,bowl_n,back_mean,back_adv
THRU_WIN 600,0,0,0,0,0,73,142,143,141,16234,21
THRU_WIN 1200,0,0,0,0,0,247,131,135,130,16254,9
THRU_WIN 1800,4,0,0,0,0,238,127,130,120,16229,15
THRU_WIN 2400,2,4,0,0,0,247,123,130,117,16220,8
THRU_WIN 3000,5,2,0,0,0,106,120,130,114,16216,4
THRU_WIN 3600,3,4,0,0,0,201,119,129,110,16210,10
THRU_WIN 4200,3,4,18,0,0,242,97,134,90,16362,44
THRU_WIN 4800,2,3,0,0,0,224,88,129,84,16412,39
THRU_WIN 5400,3,2,0,0,0,199,82,126,78,16434,35
THRU_WIN 6000,1,3,1,0,0,120,79,128,75,16429,10
THRU_WIN 6600,2,1,0,0,0,207,77,128,71,16450,51
THRU_WIN 7200,1,1,0,0,0,153,76,131,70,16475,25
THRU_WIN 7800,4,2,0,0,0,167,70,131,66,16515,25
THRU_WIN 8400,1,3,0,0,0,178,67,133,64,16521,22
THRU_WIN 9000,0,1,0,0,0,194,61,133,61,16513,22
THRU_WIN 9600,3,1,0,0,0,179,50,132,56,16502,22
THRU_WIN 10000,0,1,0,0,0,92,31,132,55,16491,5
THRU_TOT tick=10000 x19=34 x22=32 stall=19 oob=0 stuck=0 hops=3067 guard=0 first_stall=3600
THRU_HIST 0k:9(p9) 2k:18(p18) 4k:13(p13) 6k:22(p22) 8k:1(p1) 14k:3(p3) 16k:52(p27) 18k:4(p0) 20k:2(p0) 22k:1(p1) 26k:1(p1) 30k:1(p1) 32k:3(p3) 34k:1(p1) 38k:1(p1)
STATE tick=10000 hash=8bf9867d813fb313e9233fc1c813f55caf2663080088a0c66447a14d39ceb987
