Godot Engine v4.7.2.stable.official.ed1daf0bf - https://godotengine.org

Slime Train booted (Godot 4.7.2-stable (official)).
THRU fixture=stress-moving seed=2 tick0=0 slimes=200 loop_len=38297
THRU_HDR win_end,x19,x22,stall,oob,stuck,hops,sim_train,all_train,bowl_n,back_mean,back_adv
THRU_WIN 600,0,0,0,0,0,196,144,144,142,16246,29
THRU_WIN 1200,0,0,0,0,0,117,129,132,127,16260,8
THRU_WIN 1800,3,0,0,0,0,85,125,130,122,16245,1
THRU_WIN 2400,2,1,0,0,0,86,124,128,118,16229,0
THRU_WIN 3000,3,4,0,0,0,223,120,127,114,16220,7
THRU_WIN 3600,3,2,0,0,0,267,117,126,109,16211,16
THRU_WIN 4200,2,3,20,0,0,251,91,128,86,16296,48
THRU_WIN 4800,5,3,1,0,0,221,86,128,79,16307,31
THRU_WIN 5400,3,4,0,0,0,215,84,128,77,16327,32
THRU_WIN 6000,4,4,0,0,0,212,80,128,75,16345,31
THRU_WIN 6600,0,3,0,0,0,208,78,132,74,16371,26
THRU_WIN 7200,2,1,0,0,0,197,74,132,71,16372,27
THRU_WIN 7800,1,2,0,0,0,198,74,133,70,16406,34
THRU_WIN 8400,1,0,0,0,0,226,71,135,66,16444,61
THRU_WIN 9000,2,1,0,0,0,207,69,138,63,16473,51
THRU_WIN 9600,3,3,0,0,0,170,66,139,58,16516,43
THRU_WIN 10000,0,2,0,0,0,91,60,138,57,16540,24
THRU_TOT tick=10000 x19=34 x22=33 stall=21 oob=0 stuck=0 hops=3170 guard=0 first_stall=3600
THRU_HIST 0k:16(p16) 2k:16(p16) 4k:10(p10) 6k:25(p25) 8k:1(p1) 16k:57(p4) 18k:4(p0) 20k:1(p0) 22k:2(p0) 24k:2(p2) 26k:1(p1) 30k:1(p1) 34k:2(p2)
STATE tick=10000 hash=4a3f9af865831dabdfa291e43be42305a51686fac82b642d13b0a9b01eca965b
