Godot Engine v4.7.2.stable.official.ed1daf0bf - https://godotengine.org

Slime Train booted (Godot 4.7.2-stable (official)).
LOOP_BUCKETS on length=300.0
THRU fixture=stress-moving seed=1 tick0=0 slimes=200 loop_len=38297
THRU_HDR win_end,x19,x22,stall,oob,stuck,hops,sim_train,all_train,bowl_n,back_mean,back_adv
THRU_WIN 600,0,0,0,0,0,73,142,143,141,16234,21
THRU_WIN 1200,0,0,0,0,0,233,131,135,130,16255,10
THRU_WIN 1800,4,0,0,0,0,307,129,132,125,16249,18
THRU_WIN 2400,2,4,0,0,0,245,127,131,121,16258,11
THRU_WIN 3000,2,1,0,0,0,302,121,130,116,16255,14
THRU_WIN 3600,4,2,0,0,0,227,118,130,113,16253,14
THRU_WIN 4200,4,5,14,0,0,280,100,132,93,16324,55
THRU_WIN 4800,2,3,0,0,0,219,98,132,92,16342,18
THRU_WIN 5400,3,3,0,0,0,207,94,133,89,16348,30
THRU_WIN 6000,1,3,0,0,0,224,88,131,86,16361,26
THRU_WIN 6600,2,1,0,0,0,213,87,134,83,16363,27
THRU_WIN 7200,2,2,0,0,0,243,85,135,82,16399,36
THRU_WIN 7800,1,2,0,0,0,225,85,137,78,16414,38
THRU_WIN 8400,2,1,0,0,0,233,79,137,74,16441,49
THRU_WIN 9000,3,1,0,0,0,187,78,139,69,16446,31
THRU_WIN 9600,3,3,1,0,0,213,74,142,66,16483,42
THRU_WIN 10000,2,3,0,0,0,134,67,142,64,16500,20
THRU_TOT tick=10000 x19=37 x22=34 stall=15 oob=0 stuck=0 hops=3765 guard=0 first_stall=3600
THRU_HIST 0k:14(p14) 2k:18(p18) 4k:10(p10) 6k:18(p18) 8k:1(p1) 14k:2(p2) 16k:62(p4) 18k:6(p0) 20k:1(p0) 22k:3(p1) 24k:2(p2) 26k:1(p1) 28k:1(p1) 32k:1(p1) 34k:1(p1) 36k:1(p1)
STATE tick=10000 hash=f13dfc349eca3e5759df3fdcd4c6e3048ff20a73647d110d7df83bb8749f4104
