Godot Engine v4.7.2.stable.official.ed1daf0bf - https://godotengine.org

Slime Train booted (Godot 4.7.2-stable (official)).
LOOP_BUCKETS on length=100.0
THRU fixture=stress-moving seed=2 tick0=0 slimes=200 loop_len=38297
THRU_HDR win_end,x19,x22,stall,oob,stuck,hops,sim_train,all_train,bowl_n,back_mean,back_adv
THRU_WIN 600,0,0,0,0,0,109,146,146,144,16248,21
THRU_WIN 1200,0,0,0,0,0,106,132,134,130,16252,8
THRU_WIN 1800,2,0,0,0,0,222,128,133,126,16245,9
THRU_WIN 2400,3,1,0,0,0,355,127,133,123,16252,23
THRU_WIN 3000,4,3,0,0,0,183,124,131,117,16237,10
THRU_WIN 3600,3,4,0,0,0,229,118,130,114,16247,15
THRU_WIN 4200,3,3,10,0,0,234,99,130,95,16275,26
THRU_WIN 4800,4,4,0,0,0,263,96,128,91,16289,36
THRU_WIN 5400,2,2,0,0,0,257,92,126,86,16314,41
THRU_WIN 6000,2,4,0,0,0,181,87,128,82,16322,25
THRU_WIN 6600,2,1,0,0,0,220,82,128,78,16332,33
THRU_WIN 7200,2,2,1,0,0,181,80,130,75,16341,26
THRU_WIN 7800,2,3,0,0,0,208,75,130,71,16351,25
THRU_WIN 8400,2,1,0,0,0,205,73,134,69,16360,23
THRU_WIN 9000,1,2,0,0,0,206,73,137,66,16381,35
THRU_WIN 9600,4,2,0,0,0,198,68,137,64,16403,36
THRU_WIN 10000,1,1,0,0,0,137,67,135,61,16427,39
THRU_TOT tick=10000 x19=37 x22=33 stall=11 oob=0 stuck=0 hops=3494 guard=0 first_stall=3600
THRU_HIST 0k:13(p13) 2k:18(p18) 4k:12(p12) 6k:15(p15) 8k:1(p1) 16k:61(p0) 18k:3(p1) 20k:3(p0) 22k:1(p0) 24k:1(p1) 26k:1(p1) 30k:2(p2) 32k:1(p1) 34k:1(p1) 36k:1(p1) 38k:1(p1)
STATE tick=10000 hash=f3713de969ebf72a0efec33b2c0687deff328edad7375a66771fefa7cbef9d58
