Godot Engine v4.7.2.stable.official.ed1daf0bf - https://godotengine.org

Slime Train booted (Godot 4.7.2-stable (official)).
LOOP_BUCKETS on length=300.0
THRU fixture=stress-moving seed=2 tick0=0 slimes=200 loop_len=38297
THRU_HDR win_end,x19,x22,stall,oob,stuck,hops,sim_train,all_train,bowl_n,back_mean,back_adv
THRU_WIN 600,0,0,0,0,0,109,146,146,144,16248,21
THRU_WIN 1200,0,0,0,0,0,102,134,136,132,16260,8
THRU_WIN 1800,2,0,0,0,0,148,131,135,127,16240,4
THRU_WIN 2400,2,1,0,0,0,338,129,133,124,16255,23
THRU_WIN 3000,3,2,0,0,0,133,127,132,122,16249,3
THRU_WIN 3600,2,4,0,0,0,133,124,132,119,16235,2
THRU_WIN 4200,3,1,21,0,0,256,95,133,90,16317,39
THRU_WIN 4800,3,3,0,0,0,220,92,132,87,16323,24
THRU_WIN 5400,3,3,0,0,0,240,87,129,82,16346,28
THRU_WIN 6000,2,3,2,0,0,229,79,127,74,16359,44
THRU_WIN 6600,2,2,0,0,0,155,77,131,74,16399,41
THRU_WIN 7200,2,3,0,0,0,164,76,131,72,16412,25
THRU_WIN 7800,1,2,1,0,0,202,71,133,68,16454,51
THRU_WIN 8400,2,0,0,0,0,198,68,134,65,16474,47
THRU_WIN 9000,3,3,0,0,0,183,69,137,61,16474,28
THRU_WIN 9600,3,2,0,0,0,191,65,139,61,16504,30
THRU_WIN 10000,1,2,0,0,0,120,64,139,61,16529,25
THRU_TOT tick=10000 x19=34 x22=31 stall=24 oob=0 stuck=0 hops=3121 guard=0 first_stall=3600
THRU_HIST 0k:13(p13) 2k:15(p15) 4k:11(p11) 6k:25(p25) 8k:1(p1) 16k:61(p0) 18k:1(p1) 20k:2(p0) 22k:2(p1) 24k:1(p1) 26k:2(p2) 28k:1(p1) 30k:1(p1) 34k:1(p1) 36k:2(p2)
STATE tick=10000 hash=61943c6ddaf9afa63926500d541b3637e5ad3bd186c237187ae8a812cb06b553
