Godot Engine v4.7.2.stable.official.ed1daf0bf - https://godotengine.org

Slime Train booted (Godot 4.7.2-stable (official)).
LOOP_BUCKETS on length=100.0
THRU fixture=stress-moving seed=1 tick0=0 slimes=200 loop_len=38297
THRU_HDR win_end,x19,x22,stall,oob,stuck,hops,sim_train,all_train,bowl_n,back_mean,back_adv
THRU_WIN 600,0,0,0,0,0,73,142,143,141,16234,21
THRU_WIN 1200,0,0,0,0,0,247,130,134,129,16247,10
THRU_WIN 1800,4,0,0,0,0,330,129,132,125,16249,19
THRU_WIN 2400,2,4,0,0,0,250,126,131,119,16252,13
THRU_WIN 3000,3,2,0,0,0,83,120,128,113,16235,5
THRU_WIN 3600,3,2,0,0,0,201,118,128,110,16239,13
THRU_WIN 4200,3,4,16,0,0,229,95,135,90,16359,40
THRU_WIN 4800,3,3,0,0,0,244,92,134,88,16385,39
THRU_WIN 5400,3,2,0,0,0,243,91,134,85,16386,24
THRU_WIN 6000,1,4,0,0,0,224,83,134,81,16422,34
THRU_WIN 6600,3,0,0,0,0,166,82,134,76,16424,26
THRU_WIN 7200,2,3,1,0,0,178,78,136,75,16437,16
THRU_WIN 7800,2,2,0,0,0,169,76,136,70,16453,35
THRU_WIN 8400,1,3,0,0,0,199,72,138,68,16471,32
THRU_WIN 9000,3,0,3,0,0,180,68,140,62,16531,44
THRU_WIN 9600,2,3,1,0,0,196,65,143,58,16585,70
THRU_WIN 10000,2,1,0,0,0,129,62,143,56,16610,39
THRU_TOT tick=10000 x19=37 x22=33 stall=21 oob=0 stuck=0 hops=3341 guard=0 first_stall=3600
THRU_HIST 0k:18(p18) 2k:16(p16) 4k:12(p12) 6k:24(p24) 8k:1(p1) 16k:56(p0) 18k:5(p1) 20k:2(p0) 22k:1(p1) 24k:2(p2) 26k:1(p1) 32k:3(p3) 36k:2(p2)
STATE tick=10000 hash=1758c320251654e1d3d748a6d2666d04de9d4d7313aff367265f978f7fa4b63f
