Godot Engine v4.7.2.stable.official.ed1daf0bf - https://godotengine.org

Slime Train booted (Godot 4.7.2-stable (official)).
THRU fixture=stress-moving seed=1 tick0=0 slimes=200 loop_len=38297
THRU_HDR win_end,x19,x22,stall,oob,stuck,hops,sim_train,all_train,bowl_n,back_mean,back_adv
THRU_WIN 600,0,0,0,0,0,169,141,142,140,16250,30
THRU_WIN 1200,0,0,0,0,0,237,128,132,126,16265,11
THRU_WIN 1800,4,0,0,0,0,151,127,131,122,16254,5
THRU_WIN 2400,3,4,0,0,0,94,124,130,118,16237,0
THRU_WIN 3000,3,1,0,0,0,203,121,128,116,16248,19
THRU_WIN 3600,2,5,0,0,0,179,119,128,112,16244,12
THRU_WIN 4200,2,2,18,0,0,254,95,136,90,16320,44
THRU_WIN 4800,3,1,0,0,0,249,89,133,85,16373,51
THRU_WIN 5400,4,4,0,0,0,234,86,130,78,16409,49
THRU_WIN 6000,2,3,0,0,0,217,84,132,76,16435,36
THRU_WIN 6600,2,2,0,0,0,178,80,132,74,16452,28
THRU_WIN 7200,1,2,0,0,0,164,77,133,70,16446,15
THRU_WIN 7800,3,2,0,0,0,207,74,134,67,16470,38
THRU_WIN 8400,2,2,1,0,0,199,68,136,61,16478,26
THRU_WIN 9000,4,2,0,0,0,192,65,138,56,16547,70
THRU_WIN 9600,1,3,0,0,0,156,63,139,56,16598,51
THRU_WIN 10000,2,2,0,0,0,109,54,139,53,16601,16
THRU_TOT tick=10000 x19=38 x22=35 stall=19 oob=0 stuck=0 hops=3192 guard=0 first_stall=3600
THRU_HIST 0k:17(p17) 2k:13(p13) 4k:12(p12) 6k:26(p26) 8k:1(p1) 16k:53(p5) 18k:5(p0) 20k:1(p0) 22k:2(p2) 24k:2(p2) 26k:2(p2) 30k:1(p1) 32k:1(p1) 34k:2(p2) 36k:1(p1)
STATE tick=10000 hash=adee7b797eb385c291dd15a714de9f0dbad0ed6f2f43025f19d0f09ed2ec52cb
