Godot Engine v4.7.2.stable.official.ed1daf0bf - https://godotengine.org

Slime Train booted (Godot 4.7.2-stable (official)).
fixture=s3-basket-59of60 tick0=0 slimes=200
SEC  1 physics=96 resting=0 in_basket=59 (resting 0) trans=0 [basket 0 train 0 other 0] whole_pile=0 cluster=59 rel=0 cat=0 phase=filling bodies=200 pile_active_ticks=60 hold_mean=0.0 hold_max=0 train_resting=0 (max 0)
SEC  2 physics=95 resting=0 in_basket=59 (resting 0) trans=0 [basket 0 train 0 other 0] whole_pile=0 cluster=59 rel=0 cat=0 phase=filling bodies=200 pile_active_ticks=60 hold_mean=0.0 hold_max=0 train_resting=0 (max 0)
SEC  3 physics=94 resting=0 in_basket=59 (resting 0) trans=0 [basket 0 train 0 other 0] whole_pile=0 cluster=59 rel=0 cat=0 phase=filling bodies=200 pile_active_ticks=60 hold_mean=0.0 hold_max=0 train_resting=0 (max 0)
SEC  4 physics=94 resting=0 in_basket=59 (resting 0) trans=0 [basket 0 train 0 other 0] whole_pile=0 cluster=59 rel=0 cat=0 phase=filling bodies=200 pile_active_ticks=60 hold_mean=0.0 hold_max=0 train_resting=0 (max 0)
SEC  5 physics=33 resting=59 in_basket=59 (resting 59) trans=0 [basket 0 train 0 other 0] whole_pile=0 cluster=30 rel=0 cat=0 phase=filling bodies=200 pile_active_ticks=8 hold_mean=0.0 hold_max=0 train_resting=0 (max 0)
SEC  6 physics=33 resting=59 in_basket=59 (resting 59) trans=0 [basket 0 train 0 other 0] whole_pile=0 cluster=29 rel=0 cat=0 phase=filling bodies=200 pile_active_ticks=0 hold_mean=0.0 hold_max=0 train_resting=0 (max 0)
SEC  7 physics=33 resting=59 in_basket=59 (resting 59) trans=0 [basket 0 train 0 other 0] whole_pile=0 cluster=27 rel=0 cat=0 phase=filling bodies=200 pile_active_ticks=0 hold_mean=0.0 hold_max=0 train_resting=0 (max 0)
SEC  8 physics=32 resting=59 in_basket=59 (resting 59) trans=0 [basket 0 train 0 other 0] whole_pile=0 cluster=28 rel=0 cat=0 phase=filling bodies=200 pile_active_ticks=0 hold_mean=0.0 hold_max=0 train_resting=0 (max 0)
SEC  9 physics=32 resting=59 in_basket=59 (resting 59) trans=0 [basket 0 train 0 other 0] whole_pile=0 cluster=29 rel=0 cat=0 phase=filling bodies=200 pile_active_ticks=0 hold_mean=0.0 hold_max=0 train_resting=0 (max 0)
  BASKET_WAKE t=585 (9.75s) basket=9 train=0 other=0 rel=0 cat=0 phase=reward->reward
  BASKET_WAKE t=588 (9.80s) basket=6 train=0 other=0 rel=0 cat=0 phase=reward->reward
  BASKET_WAKE t=590 (9.83s) basket=5 train=0 other=0 rel=0 cat=0 phase=reward->reward
SEC 10 physics=61 resting=29 in_basket=60 (resting 29) trans=30 [basket 30 train 0 other 0] whole_pile=0 cluster=31 rel=0 cat=1 phase=reward bodies=200 pile_active_ticks=22 hold_mean=0.0 hold_max=0 train_resting=0 (max 0)
SEC 11 physics=58 resting=32 in_basket=60 (resting 32) trans=0 [basket 0 train 0 other 0] whole_pile=0 cluster=28 rel=0 cat=0 phase=reward bodies=200 pile_active_ticks=60 hold_mean=0.0 hold_max=0 train_resting=0 (max 0)
  BASKET_WAKE t=705 (11.75s) basket=5 train=0 other=0 rel=0 cat=0 phase=fired->fired
SEC 12 physics=57 resting=33 in_basket=59 (resting 33) trans=27 [basket 27 train 0 other 0] whole_pile=0 cluster=26 rel=1 cat=0 phase=fired bodies=200 pile_active_ticks=52 hold_mean=0.0 hold_max=0 train_resting=0 (max 0)
SEC 13 physics=57 resting=33 in_basket=59 (resting 33) trans=0 [basket 0 train 0 other 0] whole_pile=0 cluster=26 rel=0 cat=0 phase=fired bodies=200 pile_active_ticks=60 hold_mean=0.0 hold_max=0 train_resting=0 (max 0)
SEC 14 physics=31 resting=59 in_basket=59 (resting 59) trans=0 [basket 0 train 0 other 0] whole_pile=0 cluster=23 rel=0 cat=0 phase=fired bodies=200 pile_active_ticks=42 hold_mean=0.0 hold_max=0 train_resting=0 (max 0)
  BASKET_WAKE t=881 (14.68s) basket=5 train=0 other=0 rel=1 cat=0 phase=fired->fired
  BASKET_WAKE t=882 (14.70s) basket=5 train=0 other=0 rel=0 cat=0 phase=fired->fired
SEC 15 physics=51 resting=39 in_basket=58 (resting 39) trans=20 [basket 20 train 0 other 0] whole_pile=0 cluster=22 rel=1 cat=0 phase=fired bodies=200 pile_active_ticks=20 hold_mean=0.0 hold_max=0 train_resting=0 (max 0)
SEC 16 physics=51 resting=39 in_basket=58 (resting 39) trans=0 [basket 0 train 0 other 0] whole_pile=0 cluster=21 rel=0 cat=0 phase=fired bodies=200 pile_active_ticks=60 hold_mean=0.0 hold_max=0 train_resting=0 (max 0)
SEC 17 physics=55 resting=34 in_basket=57 (resting 34) trans=5 [basket 5 train 0 other 0] whole_pile=0 cluster=23 rel=1 cat=0 phase=fired bodies=199 pile_active_ticks=60 hold_mean=0.0 hold_max=0 train_resting=0 (max 0)
SEC 18 physics=56 resting=33 in_basket=57 (resting 33) trans=1 [basket 1 train 0 other 0] whole_pile=0 cluster=24 rel=0 cat=0 phase=fired bodies=199 pile_active_ticks=60 hold_mean=0.0 hold_max=0 train_resting=0 (max 0)
SEC 19 physics=56 resting=33 in_basket=57 (resting 33) trans=0 [basket 0 train 0 other 0] whole_pile=0 cluster=24 rel=0 cat=0 phase=fired bodies=199 pile_active_ticks=60 hold_mean=0.0 hold_max=0 train_resting=0 (max 0)
SEC 20 physics=55 resting=33 in_basket=56 (resting 33) trans=0 [basket 0 train 0 other 0] whole_pile=0 cluster=24 rel=1 cat=0 phase=fired bodies=198 pile_active_ticks=60 hold_mean=0.0 hold_max=0 train_resting=0 (max 0)
SEC 21 physics=55 resting=33 in_basket=56 (resting 33) trans=0 [basket 0 train 0 other 0] whole_pile=0 cluster=23 rel=0 cat=0 phase=fired bodies=198 pile_active_ticks=60 hold_mean=0.0 hold_max=0 train_resting=0 (max 0)
SEC 22 physics=42 resting=45 in_basket=55 (resting 45) trans=11 [basket 11 train 0 other 0] whole_pile=0 cluster=22 rel=1 cat=0 phase=fired bodies=197 pile_active_ticks=38 hold_mean=0.0 hold_max=0 train_resting=0 (max 0)
SEC 23 physics=48 resting=39 in_basket=55 (resting 39) trans=6 [basket 6 train 0 other 0] whole_pile=0 cluster=20 rel=0 cat=0 phase=fired bodies=197 pile_active_ticks=60 hold_mean=0.0 hold_max=0 train_resting=0 (max 0)
SEC 24 physics=48 resting=39 in_basket=55 (resting 39) trans=0 [basket 0 train 0 other 0] whole_pile=0 cluster=20 rel=0 cat=0 phase=fired bodies=197 pile_active_ticks=60 hold_mean=0.0 hold_max=0 train_resting=0 (max 0)
SEC 25 physics=32 resting=55 in_basket=55 (resting 55) trans=0 [basket 0 train 0 other 0] whole_pile=0 cluster=17 rel=0 cat=0 phase=fired bodies=197 pile_active_ticks=52 hold_mean=0.0 hold_max=0 train_resting=0 (max 0)
  BASKET_WAKE t=1521 (25.35s) basket=5 train=0 other=0 rel=1 cat=0 phase=fired->fired
SEC 26 physics=49 resting=38 in_basket=54 (resting 38) trans=17 [basket 17 train 0 other 0] whole_pile=0 cluster=16 rel=1 cat=0 phase=fired bodies=197 pile_active_ticks=40 hold_mean=0.0 hold_max=0 train_resting=0 (max 0)
SEC 27 physics=32 resting=54 in_basket=54 (resting 54) trans=0 [basket 0 train 0 other 0] whole_pile=0 cluster=18 rel=0 cat=0 phase=fired bodies=197 pile_active_ticks=48 hold_mean=0.0 hold_max=0 train_resting=0 (max 0)
SEC 28 physics=49 resting=37 in_basket=53 (resting 37) trans=17 [basket 17 train 0 other 0] whole_pile=0 cluster=16 rel=1 cat=0 phase=fired bodies=197 pile_active_ticks=39 hold_mean=0.0 hold_max=0 train_resting=0 (max 0)
SEC 29 physics=48 resting=37 in_basket=53 (resting 37) trans=0 [basket 0 train 0 other 0] whole_pile=0 cluster=16 rel=0 cat=0 phase=fired bodies=197 pile_active_ticks=60 hold_mean=0.0 hold_max=0 train_resting=0 (max 0)
SEC 30 physics=49 resting=36 in_basket=53 (resting 36) trans=1 [basket 1 train 0 other 0] whole_pile=0 cluster=17 rel=0 cat=0 phase=fired bodies=197 pile_active_ticks=60 hold_mean=0.0 hold_max=0 train_resting=0 (max 0)
SEC 31 physics=31 resting=53 in_basket=53 (resting 53) trans=0 [basket 0 train 0 other 0] whole_pile=0 cluster=13 rel=0 cat=0 phase=fired bodies=197 pile_active_ticks=35 hold_mean=0.0 hold_max=0 train_resting=0 (max 0)
  BASKET_WAKE t=1869 (31.15s) basket=5 train=0 other=0 rel=1 cat=0 phase=fired->fired
  BASKET_WAKE t=1870 (31.17s) basket=5 train=0 other=0 rel=0 cat=0 phase=fired->fired
SEC 32 physics=52 resting=32 in_basket=52 (resting 32) trans=21 [basket 21 train 0 other 0] whole_pile=0 cluster=20 rel=1 cat=0 phase=fired bodies=197 pile_active_ticks=52 hold_mean=0.0 hold_max=0 train_resting=0 (max 0)
SEC 33 physics=32 resting=52 in_basket=52 (resting 52) trans=0 [basket 0 train 0 other 0] whole_pile=0 cluster=15 rel=0 cat=0 phase=fired bodies=197 pile_active_ticks=56 hold_mean=0.0 hold_max=0 train_resting=0 (max 0)
SEC 34 physics=55 resting=28 in_basket=51 (resting 28) trans=24 [basket 24 train 0 other 0] whole_pile=0 cluster=23 rel=1 cat=0 phase=fired bodies=197 pile_active_ticks=15 hold_mean=0.0 hold_max=0 train_resting=0 (max 0)
SEC 35 physics=54 resting=28 in_basket=51 (resting 28) trans=0 [basket 0 train 0 other 0] whole_pile=0 cluster=23 rel=0 cat=0 phase=fired bodies=197 pile_active_ticks=60 hold_mean=0.0 hold_max=0 train_resting=0 (max 0)
SEC 36 physics=54 resting=28 in_basket=51 (resting 28) trans=0 [basket 0 train 0 other 0] whole_pile=0 cluster=23 rel=0 cat=0 phase=fired bodies=197 pile_active_ticks=60 hold_mean=0.0 hold_max=0 train_resting=0 (max 0)
SEC 37 physics=53 resting=28 in_basket=50 (resting 28) trans=0 [basket 0 train 0 other 0] whole_pile=0 cluster=23 rel=1 cat=0 phase=fired bodies=197 pile_active_ticks=60 hold_mean=0.0 hold_max=0 train_resting=0 (max 0)
SEC 38 physics=53 resting=28 in_basket=50 (resting 28) trans=0 [basket 0 train 0 other 0] whole_pile=0 cluster=22 rel=0 cat=0 phase=fired bodies=197 pile_active_ticks=60 hold_mean=0.0 hold_max=0 train_resting=0 (max 0)
SEC 39 physics=53 resting=28 in_basket=50 (resting 28) trans=0 [basket 0 train 0 other 0] whole_pile=0 cluster=22 rel=0 cat=0 phase=fired bodies=197 pile_active_ticks=60 hold_mean=0.0 hold_max=0 train_resting=0 (max 0)
SEC 40 physics=30 resting=50 in_basket=50 (resting 50) trans=0 [basket 0 train 0 other 0] whole_pile=0 cluster=14 rel=0 cat=0 phase=fired bodies=197 pile_active_ticks=49 hold_mean=0.0 hold_max=0 train_resting=0 (max 0)
TOTAL { "trans": 180, "trans_basket": 180, "trans_train": 0, "trans_other": 0, "whole_pile": 0, "whole_events": 0, "releases": 10, "catches": 1, "hold_slime_ticks": 0, "hold_max": 0, "train_rest_slime_ticks": 0 }
HOLD mean holding train slimes per tick 0.00
BASKET_WAKES by same-tick event [events, slimes woken] { "other": [60, 150], "release": [7, 30] }
BASKET_WAKE_SIZES n=67 min=1 med=3 max=9
BASKET3_FIRED_TICK 700
RELEASES due_ticks=1530 blocked_ticks=1521 (outlet not clear)
PILE_AFTER_FIRE active_ticks=1467 resting_ticks=234
