Godot Engine v4.7.2.stable.official.ed1daf0bf - https://godotengine.org

Slime Train booted (Godot 4.7.2-stable (official)).
fixture=s3-basket-59of60 tick0=0 slimes=200 box3=[P: (18109.44, -120.0), S: (668.1602, 220.0)]
SEC  1 physics=96 resting=0 in_basket=59 (resting 0) trans=0 [basket 0 train 0 other 0] whole_pile=0 cluster=59 rel=0 cat=0 phase=filling weight=59 bodies=200 pile_active_ticks=60 min_short=59 unsup_resets=612 drift_resets=1969
SEC  2 physics=95 resting=0 in_basket=59 (resting 0) trans=0 [basket 0 train 0 other 0] whole_pile=0 cluster=59 rel=0 cat=0 phase=filling weight=59 bodies=200 pile_active_ticks=60 min_short=54 unsup_resets=0 drift_resets=776
SEC  3 physics=94 resting=0 in_basket=59 (resting 0) trans=0 [basket 0 train 0 other 0] whole_pile=0 cluster=59 rel=0 cat=0 phase=filling weight=59 bodies=200 pile_active_ticks=60 min_short=39 unsup_resets=0 drift_resets=177
SEC  4 physics=94 resting=0 in_basket=59 (resting 0) trans=0 [basket 0 train 0 other 0] whole_pile=0 cluster=59 rel=0 cat=0 phase=filling weight=59 bodies=200 pile_active_ticks=60 min_short=5 unsup_resets=0 drift_resets=12
SEC  5 physics=33 resting=59 in_basket=59 (resting 59) trans=0 [basket 0 train 0 other 0] whole_pile=0 cluster=30 rel=0 cat=0 phase=filling weight=59 bodies=200 pile_active_ticks=8 min_short=1 unsup_resets=0 drift_resets=0
SEC  6 physics=33 resting=59 in_basket=59 (resting 59) trans=0 [basket 0 train 0 other 0] whole_pile=0 cluster=29 rel=0 cat=0 phase=filling weight=59 bodies=200 pile_active_ticks=0 min_short=- unsup_resets=0 drift_resets=0
SEC  7 physics=33 resting=59 in_basket=59 (resting 59) trans=0 [basket 0 train 0 other 0] whole_pile=0 cluster=27 rel=0 cat=0 phase=filling weight=59 bodies=200 pile_active_ticks=0 min_short=- unsup_resets=0 drift_resets=0
SEC  8 physics=32 resting=59 in_basket=59 (resting 59) trans=0 [basket 0 train 0 other 0] whole_pile=0 cluster=28 rel=0 cat=0 phase=filling weight=59 bodies=200 pile_active_ticks=0 min_short=- unsup_resets=0 drift_resets=0
SEC  9 physics=32 resting=59 in_basket=59 (resting 59) trans=0 [basket 0 train 0 other 0] whole_pile=0 cluster=29 rel=0 cat=0 phase=filling weight=59 bodies=200 pile_active_ticks=0 min_short=- unsup_resets=0 drift_resets=0
  WAKE t=585 (9.75s) basket_woke=59 train_woke=0 rel=0 cat=0 phase=reward: wake_resting_in(id41 in_basket pile1 n59)
SEC 10 physics=90 resting=0 in_basket=60 (resting 0) trans=59 [basket 59 train 0 other 0] whole_pile=59 cluster=60 rel=0 cat=1 phase=reward weight=60 bodies=200 pile_active_ticks=22 min_short=1 unsup_resets=7 drift_resets=101
SEC 11 physics=90 resting=0 in_basket=60 (resting 0) trans=0 [basket 0 train 0 other 0] whole_pile=0 cluster=60 rel=0 cat=0 phase=reward weight=60 bodies=200 pile_active_ticks=60 min_short=25 unsup_resets=0 drift_resets=148
SEC 12 physics=90 resting=0 in_basket=59 (resting 0) trans=0 [basket 0 train 0 other 0] whole_pile=0 cluster=59 rel=1 cat=0 phase=fired weight=59 bodies=200 pile_active_ticks=60 min_short=1 unsup_resets=7 drift_resets=116
SEC 13 physics=90 resting=0 in_basket=59 (resting 0) trans=0 [basket 0 train 0 other 0] whole_pile=0 cluster=59 rel=0 cat=0 phase=fired weight=59 bodies=200 pile_active_ticks=60 min_short=19 unsup_resets=0 drift_resets=167
SEC 14 physics=90 resting=0 in_basket=59 (resting 0) trans=0 [basket 0 train 0 other 0] whole_pile=0 cluster=59 rel=0 cat=0 phase=fired weight=59 bodies=200 pile_active_ticks=60 min_short=3 unsup_resets=0 drift_resets=22
  WAKE t=881 (14.68s) basket_woke=59 train_woke=0 rel=1 cat=0 phase=fired: set_body(id3 in_basket pile2 n59)
SEC 15 physics=90 resting=0 in_basket=58 (resting 0) trans=59 [basket 59 train 0 other 0] whole_pile=59 cluster=58 rel=1 cat=0 phase=fired weight=58 bodies=200 pile_active_ticks=55 min_short=1 unsup_resets=0 drift_resets=59
SEC 16 physics=90 resting=0 in_basket=58 (resting 0) trans=0 [basket 0 train 0 other 0] whole_pile=0 cluster=58 rel=0 cat=0 phase=fired weight=58 bodies=200 pile_active_ticks=60 min_short=3 unsup_resets=0 drift_resets=61
  WAKE t=1011 (16.85s) basket_woke=58 train_woke=0 rel=1 cat=0 phase=fired: set_body(id4 in_basket pile3 n58)
SEC 17 physics=90 resting=0 in_basket=57 (resting 0) trans=58 [basket 58 train 0 other 0] whole_pile=58 cluster=57 rel=1 cat=0 phase=fired weight=57 bodies=200 pile_active_ticks=23 min_short=1 unsup_resets=7 drift_resets=29
SEC 18 physics=90 resting=0 in_basket=57 (resting 0) trans=0 [basket 0 train 0 other 0] whole_pile=0 cluster=57 rel=0 cat=0 phase=fired weight=57 bodies=200 pile_active_ticks=60 min_short=37 unsup_resets=3 drift_resets=253
SEC 19 physics=90 resting=0 in_basket=57 (resting 0) trans=0 [basket 0 train 0 other 0] whole_pile=0 cluster=57 rel=0 cat=0 phase=fired weight=57 bodies=200 pile_active_ticks=60 min_short=31 unsup_resets=0 drift_resets=324
SEC 20 physics=90 resting=0 in_basket=56 (resting 0) trans=0 [basket 0 train 0 other 0] whole_pile=0 cluster=56 rel=1 cat=0 phase=fired weight=56 bodies=200 pile_active_ticks=60 min_short=21 unsup_resets=0 drift_resets=115
SEC 21 physics=90 resting=0 in_basket=56 (resting 0) trans=0 [basket 0 train 0 other 0] whole_pile=0 cluster=56 rel=0 cat=0 phase=fired weight=56 bodies=200 pile_active_ticks=60 min_short=1 unsup_resets=0 drift_resets=13
  WAKE t=1296 (21.60s) basket_woke=56 train_woke=0 rel=1 cat=0 phase=fired: set_body(id17 in_basket pile5 n56)
SEC 22 physics=90 resting=0 in_basket=55 (resting 0) trans=56 [basket 56 train 0 other 0] whole_pile=56 cluster=55 rel=1 cat=0 phase=fired weight=55 bodies=200 pile_active_ticks=25 min_short=55 unsup_resets=11 drift_resets=81
SEC 23 physics=90 resting=0 in_basket=55 (resting 0) trans=0 [basket 0 train 0 other 0] whole_pile=0 cluster=55 rel=0 cat=0 phase=fired weight=55 bodies=200 pile_active_ticks=60 min_short=5 unsup_resets=0 drift_resets=93
SEC 24 physics=90 resting=0 in_basket=55 (resting 0) trans=0 [basket 0 train 0 other 0] whole_pile=0 cluster=55 rel=0 cat=0 phase=fired weight=55 bodies=200 pile_active_ticks=60 min_short=4 unsup_resets=0 drift_resets=19
SEC 25 physics=90 resting=0 in_basket=55 (resting 0) trans=0 [basket 0 train 0 other 0] whole_pile=0 cluster=55 rel=0 cat=0 phase=fired weight=55 bodies=200 pile_active_ticks=60 min_short=10 unsup_resets=0 drift_resets=36
SEC 26 physics=90 resting=0 in_basket=54 (resting 0) trans=0 [basket 0 train 0 other 0] whole_pile=0 cluster=54 rel=1 cat=0 phase=fired weight=54 bodies=200 pile_active_ticks=60 min_short=11 unsup_resets=0 drift_resets=248
SEC 27 physics=89 resting=0 in_basket=54 (resting 0) trans=0 [basket 0 train 0 other 0] whole_pile=0 cluster=54 rel=0 cat=0 phase=fired weight=54 bodies=200 pile_active_ticks=60 min_short=5 unsup_resets=0 drift_resets=114
SEC 28 physics=89 resting=0 in_basket=53 (resting 0) trans=0 [basket 0 train 0 other 0] whole_pile=0 cluster=53 rel=1 cat=0 phase=fired weight=53 bodies=200 pile_active_ticks=60 min_short=5 unsup_resets=6 drift_resets=270
SEC 29 physics=87 resting=0 in_basket=53 (resting 0) trans=0 [basket 0 train 0 other 0] whole_pile=0 cluster=53 rel=0 cat=0 phase=fired weight=53 bodies=200 pile_active_ticks=60 min_short=12 unsup_resets=0 drift_resets=38
  WAKE t=1788 (29.80s) basket_woke=53 train_woke=0 rel=1 cat=0 phase=fired: set_body(id9 in_basket pile8 n53)
SEC 30 physics=87 resting=0 in_basket=52 (resting 0) trans=53 [basket 53 train 0 other 0] whole_pile=53 cluster=52 rel=1 cat=0 phase=fired weight=52 bodies=200 pile_active_ticks=31 min_short=1 unsup_resets=0 drift_resets=39
SEC 31 physics=86 resting=0 in_basket=52 (resting 0) trans=0 [basket 0 train 0 other 0] whole_pile=0 cluster=52 rel=0 cat=0 phase=fired weight=52 bodies=200 pile_active_ticks=60 min_short=17 unsup_resets=0 drift_resets=75
SEC 32 physics=86 resting=0 in_basket=52 (resting 0) trans=0 [basket 0 train 0 other 0] whole_pile=0 cluster=52 rel=0 cat=0 phase=fired weight=52 bodies=200 pile_active_ticks=60 min_short=1 unsup_resets=0 drift_resets=6
SEC 33 physics=34 resting=52 in_basket=52 (resting 52) trans=0 [basket 0 train 0 other 0] whole_pile=0 cluster=13 rel=0 cat=0 phase=fired weight=52 bodies=200 pile_active_ticks=20 min_short=1 unsup_resets=0 drift_resets=0
SEC 34 physics=33 resting=52 in_basket=52 (resting 52) trans=0 [basket 0 train 0 other 0] whole_pile=0 cluster=14 rel=0 cat=0 phase=fired weight=52 bodies=200 pile_active_ticks=0 min_short=- unsup_resets=0 drift_resets=0
  WAKE t=2079 (34.65s) basket_woke=52 train_woke=0 rel=1 cat=0 phase=fired: set_body(id10 in_basket pile9 n52)
SEC 35 physics=84 resting=0 in_basket=51 (resting 0) trans=52 [basket 52 train 0 other 0] whole_pile=52 cluster=51 rel=1 cat=0 phase=fired weight=51 bodies=200 pile_active_ticks=22 min_short=51 unsup_resets=11 drift_resets=83
SEC 36 physics=84 resting=0 in_basket=51 (resting 0) trans=0 [basket 0 train 0 other 0] whole_pile=0 cluster=51 rel=0 cat=0 phase=fired weight=51 bodies=200 pile_active_ticks=60 min_short=22 unsup_resets=0 drift_resets=196
SEC 37 physics=83 resting=0 in_basket=51 (resting 0) trans=0 [basket 0 train 0 other 0] whole_pile=0 cluster=51 rel=0 cat=0 phase=fired weight=51 bodies=200 pile_active_ticks=60 min_short=14 unsup_resets=0 drift_resets=122
SEC 38 physics=83 resting=0 in_basket=50 (resting 0) trans=0 [basket 0 train 0 other 0] whole_pile=0 cluster=50 rel=1 cat=0 phase=fired weight=50 bodies=200 pile_active_ticks=60 min_short=1 unsup_resets=0 drift_resets=50
SEC 39 physics=83 resting=0 in_basket=50 (resting 0) trans=0 [basket 0 train 0 other 0] whole_pile=0 cluster=50 rel=0 cat=0 phase=fired weight=50 bodies=200 pile_active_ticks=60 min_short=26 unsup_resets=0 drift_resets=151
SEC 40 physics=82 resting=0 in_basket=50 (resting 0) trans=0 [basket 0 train 0 other 0] whole_pile=0 cluster=50 rel=0 cat=0 phase=fired weight=50 bodies=200 pile_active_ticks=60 min_short=31 unsup_resets=0 drift_resets=173
TOTAL { "trans": 337, "trans_basket": 337, "trans_train": 0, "trans_other": 0, "whole_pile": 337, "releases": 10, "catches": 1 }
BASKET_WAKE_CAUSES [events, slimes woken] { "wake_resting_in": [1, 59], "set_body": [5, 278] }
TOUCHERS {  }
ACTIVE_PILE_RESETS { "unsupported": 664, "drift": 6136 } calls { "call:set_active_detail": 59 }
DRIFT_RESET_STEP px/s min=0.2 med=26.8 max=644.0 n=6136
TOP_RESETTERS [resets, id] [[204, 54], [195, 55], [190, 41], [189, 43], [188, 56], [183, 53], [168, 29], [157, 42], [156, 44], [156, 30], [155, 31], [152, 57]]
BASKET3_FIRED_TICK 700
RELEASES due_ticks=1530 blocked_ticks=1521 (outlet not clear)
RESTING_PILE_TOUCHED ticks=0 pair-ticks by toucher state {  } max toucher speed 0.0 px/s
ACTIVE_PILE_TOUCHED_BY_OTHERS pair-ticks=17 by state { "train": 17 } faster_than_wake=0
RELEASED (slimes of the pile lower than it) ["id1 below=6/59", "id2 below=7/58", "id3 below=0/57", "id4 below=1/56", "id5 below=0/55", "id6 below=0/54", "id7 below=0/53", "id8 below=0/52", "id9 below=0/51", "id10 below=0/50"]
PILE_AFTER_FIRE active_ticks=1457 resting_ticks=244
